Archive member included because of file (symbol)

./../Platform/BSP/debug/libBSP_efm32_debug.a(BSP_Board.o)
                              /Applications/XDK.app/Contents/MacOS/workspace/HttpExample/debug/objects/source/SystemStartup.o (BSP_Board_OSTickInitialize)
./../Platform/BSP/debug/libBSP_efm32_debug.a(BSP_DMA.o)
                              ./../Platform/BSP/debug/libBSP_efm32_debug.a(BSP_Board.o) (BSP_DMA_Initialize)
./../Platform/BSP/debug/libBSP_efm32_debug.a(BSP_IrqHandler.o)
                              ./../Platform/BSP/debug/libBSP_efm32_debug.a(BSP_Board.o) (IrqHandler_SysTickDummyHandler)
./../Platform/BSP/debug/libBSP_efm32_debug.a(BSP_LED.o)
                              /Applications/XDK.app/Contents/MacOS/workspace/HttpExample/debug/objects/source/SystemStartup.o (BSP_LED_Connect)
./../Platform/BSP/debug/libBSP_efm32_debug.a(BSP_SDCard.o)
                              ./../Platform/BSP/debug/libBSP_efm32_debug.a(BSP_IrqHandler.o) (SDCard_SPIRxISR)
./../Platform/BSP/debug/libBSP_efm32_debug.a(BSP_SensorNode.o)
                              ./../Platform/BSP/debug/libBSP_efm32_debug.a(BSP_IrqHandler.o) (SensorNode_I2CISR)
./../Platform/BSP/debug/libBSP_efm32_debug.a(BSP_USB.o)
                              ./../Platform/BSP/debug/libBSP_efm32_debug.a(BSP_Board.o) (USB_init)
./../Platform/BSP/debug/libBSP_efm32_debug.a(BSP_WiFi_cc3100mod.o)
                              ./../Platform/BSP/debug/libBSP_efm32_debug.a(BSP_IrqHandler.o) (WiFi_CC3100MOD_SPIRxISR)
./../Platform/BSP/debug/libBSP_efm32_debug.a(BSP_BT_EM9301.o)
                              ./../Platform/BSP/debug/libBSP_efm32_debug.a(BSP_IrqHandler.o) (BT_EM9301_UART_TxISR)
./../Libraries/FreeRTOS/debug/libFreeRTOS_efm32_debug.a(tasks.o)
                              /Applications/XDK.app/Contents/MacOS/workspace/HttpExample/debug/objects/Main.o (vTaskStartScheduler)
./../Libraries/FreeRTOS/debug/libFreeRTOS_efm32_debug.a(timers.o)
                              ./../Libraries/FreeRTOS/debug/libFreeRTOS_efm32_debug.a(tasks.o) (xTimerCreateTimerTask)
./../Libraries/FreeRTOS/debug/libFreeRTOS_efm32_debug.a(heap_4.o)
                              ./../Libraries/FreeRTOS/debug/libFreeRTOS_efm32_debug.a(tasks.o) (pvPortMalloc)
./../Libraries/FreeRTOS/debug/libFreeRTOS_efm32_debug.a(port.o)
                              ./../Libraries/FreeRTOS/debug/libFreeRTOS_efm32_debug.a(tasks.o) (pxPortInitialiseStack)
./../Libraries/FreeRTOS/debug/libFreeRTOS_efm32_debug.a(list.o)
                              ./../Libraries/FreeRTOS/debug/libFreeRTOS_efm32_debug.a(tasks.o) (vListInitialise)
./../Libraries/FreeRTOS/debug/libFreeRTOS_efm32_debug.a(queue.o)
                              ./../Libraries/FreeRTOS/debug/libFreeRTOS_efm32_debug.a(timers.o) (xQueueGenericCreate)
./../Libraries/EMlib/debug/libEMLib_efm32_debug.a(em_adc.o)
                              ./../Platform/BSP/debug/libBSP_efm32_debug.a(BSP_Board.o) (ADC_Init)
./../Libraries/EMlib/debug/libEMLib_efm32_debug.a(em_cmu.o)
                              ./../Platform/BSP/debug/libBSP_efm32_debug.a(BSP_Board.o) (CMU_ClockDivSet)
./../Libraries/EMlib/debug/libEMLib_efm32_debug.a(em_msc.o)
                              ./../Platform/BSP/debug/libBSP_efm32_debug.a(BSP_Board.o) (MSC_Init)
./../Libraries/EMlib/debug/libEMLib_efm32_debug.a(em_dma.o)
                              ./../Platform/BSP/debug/libBSP_efm32_debug.a(BSP_DMA.o) (DMA_Reset)
./../Libraries/EMlib/debug/libEMLib_efm32_debug.a(em_emu.o)
                              ./../Libraries/EMlib/debug/libEMLib_efm32_debug.a(em_cmu.o) (EMU_UpdateOscConfig)
./../Libraries/EMlib/debug/libEMLib_efm32_debug.a(em_gpio.o)
                              ./../Platform/BSP/debug/libBSP_efm32_debug.a(BSP_Board.o) (GPIO_DriveModeSet)
./../Libraries/EMlib/debug/libEMLib_efm32_debug.a(em_int.o)
                              /Applications/XDK.app/Contents/MacOS/workspace/HttpExample/debug/objects/./../Libraries/EMlib/3rd-party/EMLib/usb/src/em_usbdint.o (INT_LockCnt)
./../Libraries/EMlib/debug/libEMLib_efm32_debug.a(em_i2c.o)
                              ./../Platform/BSP/debug/libBSP_efm32_debug.a(BSP_SensorNode.o) (I2C_Enable)
./../Libraries/EMlib/debug/libEMLib_efm32_debug.a(em_usart.o)
                              ./../Platform/BSP/debug/libBSP_efm32_debug.a(BSP_Board.o) (USART_BaudrateSyncSet)
./../Libraries/EMlib/debug/libEMLib_efm32_debug.a(em_system.o)
                              ./../Platform/BSP/debug/libBSP_efm32_debug.a(BSP_Board.o) (SYSTEM_ChipRevisionGet)
./../Libraries/EMlib/debug/libEMLib_efm32_debug.a(em_usbd.o)
                              /Applications/XDK.app/Contents/MacOS/workspace/HttpExample/debug/objects/./../Libraries/EMlib/3rd-party/EMLib/usb/src/em_usbdint.o (dev)
./../Libraries/EMlib/debug/libEMLib_efm32_debug.a(em_usbhal.o)
                              ./../Libraries/EMlib/debug/libEMLib_efm32_debug.a(em_usbd.o) (USBDHAL_Connect)
./../Libraries/EMlib/debug/libEMLib_efm32_debug.a(em_usbdep.o)
[...]
Memory Configuration

Name             Origin             Length             Attributes
FLASH            0x0000000000010000 0x00000000000f0000 xr
RAM              0x0000000020000000 0x0000000000020000 xrw
*default*        0x0000000000000000 0xffffffffffffffff

Linker script and memory map

LOAD /Applications/XDK.app/Contents/Eclipse/armGCC/bin/../lib/gcc/arm-none-eabi/4.7.4/armv7-m/crti.o
LOAD /Applications/XDK.app/Contents/Eclipse/armGCC/bin/../lib/gcc/arm-none-eabi/4.7.4/armv7-m/crtbegin.o
LOAD /Applications/XDK.app/Contents/Eclipse/armGCC/bin/../lib/gcc/arm-none-eabi/4.7.4/../../../../arm-none-eabi/lib/armv7-m/crt0.o
LOAD /Applications/XDK.app/Contents/MacOS/workspace/HttpExample/debug/objects/source/Assert.o
LOAD /Applications/XDK.app/Contents/MacOS/workspace/HttpExample/debug/objects/source/RetargetStdio.o
LOAD /Applications/XDK.app/Contents/MacOS/workspace/HttpExample/debug/objects/source/SensorHandle.o
LOAD /Applications/XDK.app/Contents/MacOS/workspace/HttpExample/debug/objects/source/SystemStartup.o
LOAD /Applications/XDK.app/Contents/MacOS/workspace/HttpExample/debug/objects/source/UsbResetUtility.o
LOAD /Applications/XDK.app/Contents/MacOS/workspace/HttpExample/debug/objects/source/XdkVersion.o
LOAD /Applications/XDK.app/Contents/MacOS/workspace/HttpExample/debug/objects/./../Libraries/EMlib/3rd-party/EMLib/usb/src/em_usbdint.o
LOAD /Applications/XDK.app/Contents/MacOS/workspace/HttpExample/debug/objects/Main.o
LOAD /Applications/XDK.app/Contents/MacOS/workspace/HttpExample/debug/objects/HttpExample.o
LOAD /Applications/XDK.app/Contents/MacOS/workspace/HttpExample/debug/objects/startup_efm32gg.o
START GROUP
LOAD ./../Platform/SensorUtils/debug/libSensorUtils_efm32_debug.a
LOAD ./../Platform/Sensors/debug/libSensors_efm32_debug.a
LOAD ./../Platform/BSP/debug/libBSP_efm32_debug.a
LOAD ./../Libraries/FreeRTOS/debug/libFreeRTOS_efm32_debug.a
LOAD ./../Libraries/EMlib/debug/libEMLib_efm32_debug.a
LOAD ./../Libraries/BSTLib/debug/libBSTLib_efm32_debug.a
LOAD ./../Libraries/WiFi/debug/libWiFi_efm32_debug.a
LOAD ./../Libraries/FATfs/debug/libFATfs_efm32_debug.a
LOAD ./../Libraries/BLEStack/3rd-party/Alpwise/ALPW-BLESDKCM3/BLESW_CoreStack/Libraries/BLESW_CoreStack_CM3.a
LOAD ./../Libraries/BLEStack/3rd-party/Alpwise/ALPW-BLESDKCM3/BLESW_ALPWDataExchange/Libraries/BLESW_ALPWDEP_Server_CM3.a
LOAD ./../Libraries/BLEStack/3rd-party/Alpwise/ALPW-BLESDKCM3/BLESW_CoreStack/Libraries/BLESW_ALPWDES_CM3.a
LOAD ./../Libraries/BLEStack/3rd-party/Alpwise/ALPW-BLESDKCM3/BLESW_AlertNotification/Libraries/BLESW_ANP_Server_CM3.a
LOAD ./../Libraries/BLEStack/3rd-party/Alpwise/ALPW-BLESDKCM3/BLESW_CoreStack/Libraries/BLESW_ANS_CM3.a
LOAD ./../Libraries/BLEStack/3rd-party/Alpwise/ALPW-BLESDKCM3/BLESW_BloodPressure/Libraries/BLESW_BLP_Sensor_CM3.a
LOAD ./../Libraries/BLEStack/3rd-party/Alpwise/ALPW-BLESDKCM3/BLESW_CoreStack/Libraries/BLESW_BLS_CM3.a
LOAD ./../Libraries/BLEStack/3rd-party/Alpwise/ALPW-BLESDKCM3/BLESW_CyclingPower/Libraries/BLESW_CPP_Sensor_CM3.a
LOAD ./../Libraries/BLEStack/3rd-party/Alpwise/ALPW-BLESDKCM3/BLESW_CoreStack/Libraries/BLESW_CPS_CM3.a
LOAD ./../Libraries/BLEStack/3rd-party/Alpwise/ALPW-BLESDKCM3/BLESW_CyclingSpeedAndCadence/Libraries/BLESW_CSCP_Sensor_CM3.a
LOAD ./../Libraries/BLEStack/3rd-party/Alpwise/ALPW-BLESDKCM3/BLESW_CoreStack/Libraries/BLESW_CSCS_CM3.a
LOAD ./../Libraries/BLEStack/3rd-party/Alpwise/ALPW-BLESDKCM3/BLESW_Glucose/Libraries/BLESW_GLP_Sensor_CM3.a
LOAD ./../Libraries/BLEStack/3rd-party/Alpwise/ALPW-BLESDKCM3/BLESW_CoreStack/Libraries/BLESW_GLS_CM3.a
LOAD ./../Libraries/BLEStack/3rd-party/Alpwise/ALPW-BLESDKCM3/BLESW_HealthThermometer/Libraries/BLESW_HTP_Thermometer_CM3.a
LOAD ./../Libraries/BLEStack/3rd-party/Alpwise/ALPW-BLESDKCM3/BLESW_CoreStack/Libraries/BLESW_HTS_CM3.a
LOAD ./../Libraries/BLEStack/3rd-party/Alpwise/ALPW-BLESDKCM3/BLESW_HeartRate/Libraries/BLESW_HRP_Sensor_CM3.a
LOAD ./../Libraries/BLEStack/3rd-party/Alpwise/ALPW-BLESDKCM3/BLESW_CoreStack/Libraries/BLESW_HRS_CM3.a
LOAD ./../Libraries/BLEStack/3rd-party/Alpwise/ALPW-BLESDKCM3/BLESW_HumanInterfaceDevice/Libraries/BLESW_HID_Host_CM3.a
LOAD ./../Libraries/BLEStack/3rd-party/Alpwise/ALPW-BLESDKCM3/BLESW_CoreStack/Libraries/BLESW_HIDS_CM3.a
LOAD ./../Libraries/BLEStack/3rd-party/Alpwise/ALPW-BLESDKCM3/BLESW_LocationAndNavigation/Libraries/BLESW_LNP_Sensor_CM3.a
LOAD ./../Libraries/BLEStack/3rd-party/Alpwise/ALPW-BLESDKCM3/BLESW_CoreStack/Libraries/BLESW_LNS_CM3.a
LOAD ./../Libraries/BLEStack/3rd-party/Alpwise/ALPW-BLESDKCM3/BLESW_NetworkAvailability/Libraries/BLESW_NWAP_Reporter_CM3.a
LOAD ./../Libraries/BLEStack/3rd-party/Alpwise/ALPW-BLESDKCM3/BLESW_CoreStack/Libraries/BLESW_NWAS_CM3.a
LOAD ./../Libraries/BLEStack/3rd-party/Alpwise/ALPW-BLESDKCM3/BLESW_PhoneAlertStatus/Libraries/BLESW_PASP_Server_CM3.a
LOAD ./../Libraries/BLEStack/3rd-party/Alpwise/ALPW-BLESDKCM3/BLESW_CoreStack/Libraries/BLESW_PASS_CM3.a
LOAD ./../Libraries/BLEStack/3rd-party/Alpwise/ALPW-BLESDKCM3/BLESW_RunningSpeedAndCadence/Libraries/BLESW_RSCP_Sensor_CM3.a
LOAD ./../Libraries/BLEStack/3rd-party/Alpwise/ALPW-BLESDKCM3/BLESW_CoreStack/Libraries/BLESW_RSCS_CM3.a
LOAD ./../Libraries/EMlib/3rd-party/EMLib/CMSIS/Lib/GCC/libarm_cortexM3l_math.a
LOAD ./../Libraries/BSX/BSX4/Source/algo/algo_bsx/Lib/libalgobsxm3/libalgobsx.a
LOAD ./../Platform/Essentials/release/libEssentials_efm32.a
LOAD ./../Platform/Utils/release/libUtils_efm32.a
LOAD ./../Platform/Drivers/release/libDrivers_efm32.a
LOAD ./../Platform/FOTA/release/libFOTA_efm32.a
LOAD ./../Platform/Wlan/release/libWlan_efm32.a
LOAD ./../Platform/BLE/release/libBLE_efm32.a
LOAD ./../Libraries/Escrypt_CycurTLS/release/libEscrypt_CycurTLS_efm32.a
LOAD ./../Platform/ServalPAL_WiFi/release/libServalPalWifi_efm32.a
LOAD ./../Platform/SensorToolbox/release/libSensorToolbox_efm32.a
END GROUP
START GROUP
LOAD /Applications/XDK.app/Contents/Eclipse/armGCC/bin/../lib/gcc/arm-none-eabi/4.7.4/armv7-m/libgcc.a
LOAD /Applications/XDK.app/Contents/Eclipse/armGCC/bin/../lib/gcc/arm-none-eabi/4.7.4/../../../../arm-none-eabi/lib/armv7-m/libc.a
LOAD /Applications/XDK.app/Contents/Eclipse/armGCC/bin/../lib/gcc/arm-none-eabi/4.7.4/../../../../arm-none-eabi/lib/armv7-m/libm.a
END GROUP
START GROUP
LOAD /Applications/XDK.app/Contents/Eclipse/armGCC/bin/../lib/gcc/arm-none-eabi/4.7.4/armv7-m/libgcc.a
LOAD /Applications/XDK.app/Contents/Eclipse/armGCC/bin/../lib/gcc/arm-none-eabi/4.7.4/../../../../arm-none-eabi/lib/armv7-m/libc.a
END GROUP
LOAD /Applications/XDK.app/Contents/Eclipse/armGCC/bin/../lib/gcc/arm-none-eabi/4.7.4/armv7-m/crtend.o
LOAD /Applications/XDK.app/Contents/Eclipse/armGCC/bin/../lib/gcc/arm-none-eabi/4.7.4/armv7-m/crtn.o

.text           0x0000000000010000    0x33464
 *(.isr_vector)
 .isr_vector    0x0000000000010000      0x100 /Applications/XDK.app/Contents/MacOS/workspace/HttpExample/debug/objects/startup_efm32gg.o
                0x0000000000010000                __isr_vector
 *(.text*)
 .text          0x0000000000010100       0x54 /Applications/XDK.app/Contents/Eclipse/armGCC/bin/../lib/gcc/arm-none-eabi/4.7.4/armv7-m/crtbegin.o
 .text          0x0000000000010154       0x70 /Applications/XDK.app/Contents/Eclipse/armGCC/bin/../lib/gcc/arm-none-eabi/4.7.4/../../../../arm-none-eabi/lib/armv7-m/crt0.o
                0x0000000000010154                _mainCRTStartup
                0x0000000000010154                _start
                0x0000000000010154                start
 .text.Assert_Initialize
                0x00000000000101c4       0x40 /Applications/XDK.app/Contents/MacOS/workspace/HttpExample/debug/objects/source/Assert.o
                0x00000000000101c4                Assert_Initialize
 .text.Assert_Dynamic
                0x0000000000010204       0x2c /Applications/XDK.app/Contents/MacOS/workspace/HttpExample/debug/objects/source/Assert.o
                0x0000000000010204                Assert_Dynamic
 .text._close   0x0000000000010230       0x18 /Applications/XDK.app/Contents/MacOS/workspace/HttpExample/debug/objects/source/RetargetStdio.o
                0x0000000000010230                _close
 .text._exit    0x0000000000010248        0xc /Applications/XDK.app/Contents/MacOS/workspace/HttpExample/debug/objects/source/RetargetStdio.o
                0x0000000000010248                _exit
 .text._fstat   0x0000000000010254       0x24 /Applications/XDK.app/Contents/MacOS/workspace/HttpExample/debug/objects/source/RetargetStdio.o
                0x0000000000010254                _fstat
 .text._isatty  0x0000000000010278       0x18 /Applications/XDK.app/Contents/MacOS/workspace/HttpExample/debug/objects/source/RetargetStdio.o
                0x0000000000010278                _isatty
 .text._lseek   0x0000000000010290       0x1c /Applications/XDK.app/Contents/MacOS/workspace/HttpExample/debug/objects/source/RetargetStdio.o
                0x0000000000010290                _lseek
 .text._read    0x00000000000102ac       0x70 /Applications/XDK.app/Contents/MacOS/workspace/HttpExample/debug/objects/source/RetargetStdio.o
                0x00000000000102ac                _read
 .text._sbrk    0x000000000001031c       0xa0 /Applications/XDK.app/Contents/MacOS/workspace/HttpExample/debug/objects/source/RetargetStdio.o
                0x000000000001031c                _sbrk
 .text._write   0x00000000000103bc       0x20 /Applications/XDK.app/Contents/MacOS/workspace/HttpExample/debug/objects/source/RetargetStdio.o
                0x00000000000103bc                _write
 .text.Retcode_GetPackage
                0x00000000000103dc       0x1c /Applications/XDK.app/Contents/MacOS/workspace/HttpExample/debug/objects/source/SystemStartup.o
 .text.Retcode_GetModuleId
                0x00000000000103f8       0x1c /Applications/XDK.app/Contents/MacOS/workspace/HttpExample/debug/objects/source/SystemStartup.o
 .text.Retcode_GetSeverity
                0x0000000000010414       0x24 /Applications/XDK.app/Contents/MacOS/workspace/HttpExample/debug/objects/source/SystemStartup.o
 .text.Retcode_GetCode
                0x0000000000010438       0x20 /Applications/XDK.app/Contents/MacOS/workspace/HttpExample/debug/objects/source/SystemStartup.o
 .text.bleGetMacAddress
                0x0000000000010458       0xec /Applications/XDK.app/Contents/MacOS/workspace/HttpExample/debug/objects/source/SystemStartup.o
 .text.SysTickPreCallback
                0x0000000000010544       0x14 /Applications/XDK.app/Contents/MacOS/workspace/HttpExample/debug/objects/source/SystemStartup.o
 .text.DefaultErrorHandlingFunc
                0x0000000000010558       0xf4 /Applications/XDK.app/Contents/MacOS/workspace/HttpExample/debug/objects/source/SystemStartup.o
                0x0000000000010558                DefaultErrorHandlingFunc
 .text.assertIndicationMapping
                0x000000000001064c       0x44 /Applications/XDK.app/Contents/MacOS/workspace/HttpExample/debug/objects/source/SystemStartup.o
                0x000000000001064c                assertIndicationMapping
 .text.systemStartup
                0x0000000000010690      0x154 /Applications/XDK.app/Contents/MacOS/workspace/HttpExample/debug/objects/source/SystemStartup.o
                0x0000000000010690                systemStartup
 .text.vApplicationStackOverflowHook
                0x00000000000107e4       0x5c /Applications/XDK.app/Contents/MacOS/workspace/HttpExample/debug/objects/source/SystemStartup.o
                0x00000000000107e4                vApplicationStackOverflowHook
 .text.vApplicationMallocFailedHook
                0x0000000000010840       0x14 /Applications/XDK.app/Contents/MacOS/workspace/HttpExample/debug/objects/source/SystemStartup.o
                0x0000000000010840                vApplicationMallocFailedHook
 .text.NVIC_SystemReset
                0x0000000000010854       0x30 /Applications/XDK.app/Contents/MacOS/workspace/HttpExample/debug/objects/source/UsbResetUtility.o
 .text.UsbResetUtility_SystemReset
                0x0000000000010884       0x10 /Applications/XDK.app/Contents/MacOS/workspace/HttpExample/debug/objects/source/UsbResetUtility.o
 .text.UsbResetUtility_InteruptHandling
                0x0000000000010894       0x54 /Applications/XDK.app/Contents/MacOS/workspace/HttpExample/debug/objects/source/UsbResetUtility.o
 .text.UsbResetUtility_Init
                0x00000000000108e8       0x40 /Applications/XDK.app/Contents/MacOS/workspace/HttpExample/debug/objects/source/UsbResetUtility.o
                0x00000000000108e8                UsbResetUtility_Init
 .text.UsbResetUtility_UsbISRCallback
                0x0000000000010928      0x138 /Applications/XDK.app/Contents/MacOS/workspace/HttpExample/debug/objects/source/UsbResetUtility.o
                0x0000000000010928                UsbResetUtility_UsbISRCallback
 .text.INT_Disable
                0x0000000000010a60       0x40 /Applications/XDK.app/Contents/MacOS/workspace/HttpExample/debug/objects/./../Libraries/EMlib/3rd-party/EMLib/usb/src/em_usbdint.o
 .text.INT_Enable
                0x0000000000010aa0       0x54 /Applications/XDK.app/Contents/MacOS/workspace/HttpExample/debug/objects/./../Libraries/EMlib/3rd-party/EMLib/usb/src/em_usbdint.o
 .text.USBHAL_FlushTxFifo
                0x0000000000010af4       0x4c /Applications/XDK.app/Contents/MacOS/workspace/HttpExample/debug/objects/./../Libraries/EMlib/3rd-party/EMLib/usb/src/em_usbdint.o
 .text.USBHAL_GetCoreInts
                0x0000000000010b40       0x40 /Applications/XDK.app/Contents/MacOS/workspace/HttpExample/debug/objects/./../Libraries/EMlib/3rd-party/EMLib/usb/src/em_usbdint.o
 .text.USBDHAL_EnableInts
                0x0000000000010b80       0x70 /Applications/XDK.app/Contents/MacOS/workspace/HttpExample/debug/objects/./../Libraries/EMlib/3rd-party/EMLib/usb/src/em_usbdint.o
 .text.USBDHAL_Ep0Activate
                0x0000000000010bf0       0x70 /Applications/XDK.app/Contents/MacOS/workspace/HttpExample/debug/objects/./../Libraries/EMlib/3rd-party/EMLib/usb/src/em_usbdint.o
 .text.USBDHAL_GetAllInEpInts
                0x0000000000010c60       0x48 /Applications/XDK.app/Contents/MacOS/workspace/HttpExample/debug/objects/./../Libraries/EMlib/3rd-party/EMLib/usb/src/em_usbdint.o
 .text.USBDHAL_GetAllOutEpInts
                0x0000000000010ca8       0x44 /Applications/XDK.app/Contents/MacOS/workspace/HttpExample/debug/objects/./../Libraries/EMlib/3rd-party/EMLib/usb/src/em_usbdint.o
 .text.USBDHAL_GetInEpInts
                0x0000000000010cec       0x44 /Applications/XDK.app/Contents/MacOS/workspace/HttpExample/debug/objects/./../Libraries/EMlib/3rd-party/EMLib/usb/src/em_usbdint.o
 .text.USBDHAL_GetOutEpInts
                0x0000000000010d30       0x44 /Applications/XDK.app/Contents/MacOS/workspace/HttpExample/debug/objects/./../Libraries/EMlib/3rd-party/EMLib/usb/src/em_usbdint.o
 .text.USBDHAL_StartEp0Setup
                0x0000000000010d74       0x88 /Applications/XDK.app/Contents/MacOS/workspace/HttpExample/debug/objects/./../Libraries/EMlib/3rd-party/EMLib/usb/src/em_usbdint.o
 .text.USBD_GetEpFromAddr
                0x0000000000010dfc       0xa0 /Applications/XDK.app/Contents/MacOS/workspace/HttpExample/debug/objects/./../Libraries/EMlib/3rd-party/EMLib/usb/src/em_usbdint.o
 .text.USB_IRQHandler
                0x0000000000010e9c      0x16c /Applications/XDK.app/Contents/MacOS/workspace/HttpExample/debug/objects/./../Libraries/EMlib/3rd-party/EMLib/usb/src/em_usbdint.o
                0x0000000000010e9c                USB_IRQHandler
 .text.Handle_USB_GINTSTS_ENUMDONE
                0x0000000000011008       0x3c /Applications/XDK.app/Contents/MacOS/workspace/HttpExample/debug/objects/./../Libraries/EMlib/3rd-party/EMLib/usb/src/em_usbdint.o
 .text.Handle_USB_GINTSTS_IEPINT
                0x0000000000011044      0x118 /Applications/XDK.app/Contents/MacOS/workspace/HttpExample/debug/objects/./../Libraries/EMlib/3rd-party/EMLib/usb/src/em_usbdint.o
 .text.Handle_USB_GINTSTS_OEPINT
                0x000000000001115c      0x230 /Applications/XDK.app/Contents/MacOS/workspace/HttpExample/debug/objects/./../Libraries/EMlib/3rd-party/EMLib/usb/src/em_usbdint.o
 .text.Handle_USB_GINTSTS_RESETDET
                0x000000000001138c       0x40 /Applications/XDK.app/Contents/MacOS/workspace/HttpExample/debug/objects/./../Libraries/EMlib/3rd-party/EMLib/usb/src/em_usbdint.o
 .text.Handle_USB_GINTSTS_SOF
                0x00000000000113cc       0x64 /Applications/XDK.app/Contents/MacOS/workspace/HttpExample/debug/objects/./../Libraries/EMlib/3rd-party/EMLib/usb/src/em_usbdint.o
 .text.Handle_USB_GINTSTS_USBRST
                0x0000000000011430      0x150 /Applications/XDK.app/Contents/MacOS/workspace/HttpExample/debug/objects/./../Libraries/EMlib/3rd-party/EMLib/usb/src/em_usbdint.o
 .text.Handle_USB_GINTSTS_USBSUSP
                0x0000000000011580       0x68 /Applications/XDK.app/Contents/MacOS/workspace/HttpExample/debug/objects/./../Libraries/EMlib/3rd-party/EMLib/usb/src/em_usbdint.o
 .text.Handle_USB_GINTSTS_WKUPINT
                0x00000000000115e8       0x30 /Applications/XDK.app/Contents/MacOS/workspace/HttpExample/debug/objects/./../Libraries/EMlib/3rd-party/EMLib/usb/src/em_usbdint.o
 .text.main     0x0000000000011618       0xa8 /Applications/XDK.app/Contents/MacOS/workspace/HttpExample/debug/objects/Main.o
                0x0000000000011618                main
 .text.onRESTRequestSent
                0x00000000000116c0       0x2c /Applications/XDK.app/Contents/MacOS/workspace/HttpExample/debug/objects/HttpExample.o
 .text.onRESTResponseReceived
                0x00000000000116ec       0xf8 /Applications/XDK.app/Contents/MacOS/workspace/HttpExample/debug/objects/HttpExample.o
 .text.serializeMyHeaders
                0x00000000000117e4       0x80 /Applications/XDK.app/Contents/MacOS/workspace/HttpExample/debug/objects/HttpExample.o
                0x00000000000117e4                serializeMyHeaders
 .text.performPostRequest
                0x0000000000011864       0xd4 /Applications/XDK.app/Contents/MacOS/workspace/HttpExample/debug/objects/HttpExample.o
 .text.WlanConnect
                0x0000000000011938      0x140 /Applications/XDK.app/Contents/MacOS/workspace/HttpExample/debug/objects/HttpExample.o
 .text.setupWlan
                0x0000000000011a78       0x74 /Applications/XDK.app/Contents/MacOS/workspace/HttpExample/debug/objects/HttpExample.o
 .text.appInitSystem
                0x0000000000011aec       0x3c /Applications/XDK.app/Contents/MacOS/workspace/HttpExample/debug/objects/HttpExample.o
                0x0000000000011aec                appInitSystem
 .text          0x0000000000011b28       0x98 /Applications/XDK.app/Contents/MacOS/workspace/HttpExample/debug/objects/startup_efm32gg.o
                0x0000000000011b28                Reset_Handler
                0x0000000000011b5c                Default_Handler
                0x0000000000011b5e                NMI_Handler
                0x0000000000011b60                HardFault_Handler
                0x0000000000011b62                MemManage_Handler
                0x0000000000011b64                BusFault_Handler
                0x0000000000011b66                UsageFault_Handler
                0x0000000000011b6a                DebugMon_Handler
                0x0000000000011b74                TIMER0_IRQHandler
                0x0000000000011b7a                ACMP0_IRQHandler
                0x0000000000011b7e                ADC0_IRQHandler
                0x0000000000011b80                DAC0_IRQHandler
                0x0000000000011b84                I2C1_IRQHandler
                0x0000000000011b88                TIMER1_IRQHandler
                0x0000000000011b8a                TIMER2_IRQHandler
                0x0000000000011b8c                TIMER3_IRQHandler
                0x0000000000011b92                LESENSE_IRQHandler
                0x0000000000011b94                USART2_RX_IRQHandler
                0x0000000000011b96                USART2_TX_IRQHandler
                0x0000000000011b9c                UART1_RX_IRQHandler
                0x0000000000011b9e                UART1_TX_IRQHandler
                0x0000000000011ba0                LEUART0_IRQHandler
                0x0000000000011ba2                LEUART1_IRQHandler
                0x0000000000011ba4                LETIMER0_IRQHandler
                0x0000000000011ba6                PCNT0_IRQHandler
                0x0000000000011ba8                PCNT1_IRQHandler
                0x0000000000011baa                PCNT2_IRQHandler
                0x0000000000011bae                BURTC_IRQHandler
                0x0000000000011bb0                CMU_IRQHandler
                0x0000000000011bb2                VCMP_IRQHandler
                0x0000000000011bb4                LCD_IRQHandler
                0x0000000000011bb6                MSC_IRQHandler
                0x0000000000011bb8                AES_IRQHandler
                0x0000000000011bba                EBI_IRQHandler
                0x0000000000011bbc                EMU_IRQHandler
 .text.NVIC_SetPriorityGrouping
                0x0000000000011bc0       0x50 ./../Platform/BSP/debug/libBSP_efm32_debug.a(BSP_Board.o)
 .text.NVIC_EnableIRQ
                0x0000000000011c10       0x38 ./../Platform/BSP/debug/libBSP_efm32_debug.a(BSP_Board.o)
 .text.NVIC_DisableIRQ
                0x0000000000011c48       0x3c ./../Platform/BSP/debug/libBSP_efm32_debug.a(BSP_Board.o)
 .text.NVIC_ClearPendingIRQ
                0x0000000000011c84       0x3c ./../Platform/BSP/debug/libBSP_efm32_debug.a(BSP_Board.o)
 .text.NVIC_SetPriority
                0x0000000000011cc0       0x5c ./../Platform/BSP/debug/libBSP_efm32_debug.a(BSP_Board.o)
 .text.SysTick_Config
                0x0000000000011d1c       0x64 ./../Platform/BSP/debug/libBSP_efm32_debug.a(BSP_Board.o)
 .text.CHIP_Init
                0x0000000000011d80       0x50 ./../Platform/BSP/debug/libBSP_efm32_debug.a(BSP_Board.o)
 .text.GPIO_PinOutClear
                0x0000000000011dd0       0x4c ./../Platform/BSP/debug/libBSP_efm32_debug.a(BSP_Board.o)
 .text.GPIO_PinOutSet
                0x0000000000011e1c       0x4c ./../Platform/BSP/debug/libBSP_efm32_debug.a(BSP_Board.o)
 .text.INT_Disable
                0x0000000000011e68       0x40 ./../Platform/BSP/debug/libBSP_efm32_debug.a(BSP_Board.o)
 .text.INT_Enable
                0x0000000000011ea8       0x54 ./../Platform/BSP/debug/libBSP_efm32_debug.a(BSP_Board.o)
 .text.BSP_Board_OSTickInitialize
                0x0000000000011efc       0x2c ./../Platform/BSP/debug/libBSP_efm32_debug.a(BSP_Board.o)
                0x0000000000011efc                BSP_Board_OSTickInitialize
 .text.BSP_Board_Initialize
                0x0000000000011f28      0x150 ./../Platform/BSP/debug/libBSP_efm32_debug.a(BSP_Board.o)
                0x0000000000011f28                BSP_Board_Initialize
 .text.BSP_Board_Delay
                0x0000000000012078       0x30 ./../Platform/BSP/debug/libBSP_efm32_debug.a(BSP_Board.o)
                0x0000000000012078                BSP_Board_Delay
 .text.BSP_Board_SetOStoBSPDelayFunc
                0x00000000000120a8       0x20 ./../Platform/BSP/debug/libBSP_efm32_debug.a(BSP_Board.o)
                0x00000000000120a8                BSP_Board_SetOStoBSPDelayFunc
 .text.Board_GPIOInterruptInit
                0x00000000000120c8       0x30 ./../Platform/BSP/debug/libBSP_efm32_debug.a(BSP_Board.o)
                0x00000000000120c8                Board_GPIOInterruptInit
 .text.Board_GPIOInterruptRegisterCallback
                0x00000000000120f8       0x38 ./../Platform/BSP/debug/libBSP_efm32_debug.a(BSP_Board.o)
                0x00000000000120f8                Board_GPIOInterruptRegisterCallback
 .text.Board_GPIOInterruptDispatch
                0x0000000000012130       0x64 ./../Platform/BSP/debug/libBSP_efm32_debug.a(BSP_Board.o)
                0x0000000000012130                Board_GPIOInterruptDispatch
 .text.Board_UART0_UART_Init
                0x0000000000012194       0xcc ./../Platform/BSP/debug/libBSP_efm32_debug.a(BSP_Board.o)
                0x0000000000012194                Board_UART0_UART_Init
 .text.Board_UART1_UART_Init
                0x0000000000012260       0xcc ./../Platform/BSP/debug/libBSP_efm32_debug.a(BSP_Board.o)
                0x0000000000012260                Board_UART1_UART_Init
 .text.Board_USART0_SPI_Init
                0x000000000001232c       0xa8 ./../Platform/BSP/debug/libBSP_efm32_debug.a(BSP_Board.o)
                0x000000000001232c                Board_USART0_SPI_Init
 .text.Board_USART1_SPI_Init
                0x00000000000123d4       0x8c ./../Platform/BSP/debug/libBSP_efm32_debug.a(BSP_Board.o)
                0x00000000000123d4                Board_USART1_SPI_Init
 .text.Board_GPIO_Init
                0x0000000000012460       0x6c ./../Platform/BSP/debug/libBSP_efm32_debug.a(BSP_Board.o)
                0x0000000000012460                Board_GPIO_Init
 .text.Board_WakeupPowerSupply2V5
                0x00000000000124cc       0x50 ./../Platform/BSP/debug/libBSP_efm32_debug.a(BSP_Board.o)
                0x00000000000124cc                Board_WakeupPowerSupply2V5
 .text.Board_SnoozePowerSupply2V5
                0x000000000001251c       0x4c ./../Platform/BSP/debug/libBSP_efm32_debug.a(BSP_Board.o)
                0x000000000001251c                Board_SnoozePowerSupply2V5
 .text.PowerSupply2V5UpdateRegister
                0x0000000000012568      0x268 ./../Platform/BSP/debug/libBSP_efm32_debug.a(BSP_Board.o)
                0x0000000000012568                PowerSupply2V5UpdateRegister
 .text.Board_ADC_Init
                0x00000000000127d0       0x78 ./../Platform/BSP/debug/libBSP_efm32_debug.a(BSP_Board.o)
                0x00000000000127d0                Board_ADC_Init
 .text.Board_I2C0_Init
                0x0000000000012848       0x54 ./../Platform/BSP/debug/libBSP_efm32_debug.a(BSP_Board.o)
                0x0000000000012848                Board_I2C0_Init
 .text.Board_I2C1_Init
                0x000000000001289c       0x54 ./../Platform/BSP/debug/libBSP_efm32_debug.a(BSP_Board.o)
                0x000000000001289c                Board_I2C1_Init
 .text.Board_USB_Init
                0x00000000000128f0       0x70 ./../Platform/BSP/debug/libBSP_efm32_debug.a(BSP_Board.o)
                0x00000000000128f0                Board_USB_Init
 .text.Board_IncTick
                0x0000000000012960       0x24 ./../Platform/BSP/debug/libBSP_efm32_debug.a(BSP_Board.o)
                0x0000000000012960                Board_IncTick
 .text.Board_GetTick
                0x0000000000012984       0x18 ./../Platform/BSP/debug/libBSP_efm32_debug.a(BSP_Board.o)
                0x0000000000012984                Board_GetTick
 .text.Board_Delay
                0x000000000001299c       0x30 ./../Platform/BSP/debug/libBSP_efm32_debug.a(BSP_Board.o)
                0x000000000001299c                Board_Delay
 .text.Board_RTC_Init
                0x00000000000129cc       0xa0 ./../Platform/BSP/debug/libBSP_efm32_debug.a(BSP_Board.o)
                0x00000000000129cc                Board_RTC_Init
 .text.Board_BURTC_Init
                0x0000000000012a6c       0x28 ./../Platform/BSP/debug/libBSP_efm32_debug.a(BSP_Board.o)
                0x0000000000012a6c                Board_BURTC_Init
 .text.BSP_Board_EnableSysTick
                0x0000000000012a94       0x38 ./../Platform/BSP/debug/libBSP_efm32_debug.a(BSP_Board.o)
                0x0000000000012a94                BSP_Board_EnableSysTick
 .text.NVIC_EnableIRQ
                0x0000000000012acc       0x38 ./../Platform/BSP/debug/libBSP_efm32_debug.a(BSP_DMA.o)
 .text.NVIC_ClearPendingIRQ
                0x0000000000012b04       0x3c ./../Platform/BSP/debug/libBSP_efm32_debug.a(BSP_DMA.o)
 .text.NVIC_SetPriority
                0x0000000000012b40       0x5c ./../Platform/BSP/debug/libBSP_efm32_debug.a(BSP_DMA.o)
 .text.BSP_DMA_Initialize
                0x0000000000012b9c       0x88 ./../Platform/BSP/debug/libBSP_efm32_debug.a(BSP_DMA.o)
                0x0000000000012b9c                BSP_DMA_Initialize
 .text.BSP_DMA_Enable
                0x0000000000012c24       0x54 ./../Platform/BSP/debug/libBSP_efm32_debug.a(BSP_DMA.o)
                0x0000000000012c24                BSP_DMA_Enable
 .text.GPIO_IntClear
                0x0000000000012c78       0x20 ./../Platform/BSP/debug/libBSP_efm32_debug.a(BSP_IrqHandler.o)
 .text.GPIO_IntGetEnabled
                0x0000000000012c98       0x30 ./../Platform/BSP/debug/libBSP_efm32_debug.a(BSP_IrqHandler.o)
 .text.SysTick_Handler
                0x0000000000012cc8       0x40 ./../Platform/BSP/debug/libBSP_efm32_debug.a(BSP_IrqHandler.o)
                0x0000000000012cc8                SysTick_Handler
 .text.GPIO_EVEN_IRQHandler
                0x0000000000012d08       0x28 ./../Platform/BSP/debug/libBSP_efm32_debug.a(BSP_IrqHandler.o)
                0x0000000000012d08                GPIO_EVEN_IRQHandler
 .text.GPIO_ODD_IRQHandler
                0x0000000000012d30       0x28 ./../Platform/BSP/debug/libBSP_efm32_debug.a(BSP_IrqHandler.o)
                0x0000000000012d30                GPIO_ODD_IRQHandler
 .text.UART0_TX_IRQHandler
                0x0000000000012d58        0xc ./../Platform/BSP/debug/libBSP_efm32_debug.a(BSP_IrqHandler.o)
                0x0000000000012d58                UART0_TX_IRQHandler
 .text.UART0_RX_IRQHandler
                0x0000000000012d64        0xc ./../Platform/BSP/debug/libBSP_efm32_debug.a(BSP_IrqHandler.o)
                0x0000000000012d64                UART0_RX_IRQHandler
 .text.USART0_TX_IRQHandler
                0x0000000000012d70        0xc ./../Platform/BSP/debug/libBSP_efm32_debug.a(BSP_IrqHandler.o)
                0x0000000000012d70                USART0_TX_IRQHandler
 .text.USART0_RX_IRQHandler
                0x0000000000012d7c        0xc ./../Platform/BSP/debug/libBSP_efm32_debug.a(BSP_IrqHandler.o)
                0x0000000000012d7c                USART0_RX_IRQHandler
 .text.I2C0_IRQHandler
                0x0000000000012d88        0xc ./../Platform/BSP/debug/libBSP_efm32_debug.a(BSP_IrqHandler.o)
                0x0000000000012d88                I2C0_IRQHandler
 .text.USART1_TX_IRQHandler
                0x0000000000012d94        0xc ./../Platform/BSP/debug/libBSP_efm32_debug.a(BSP_IrqHandler.o)
                0x0000000000012d94                USART1_TX_IRQHandler
 .text.USART1_RX_IRQHandler
                0x0000000000012da0        0xc ./../Platform/BSP/debug/libBSP_efm32_debug.a(BSP_IrqHandler.o)
                0x0000000000012da0                USART1_RX_IRQHandler
 .text.RTC_IRQHandler
                0x0000000000012dac        0xc ./../Platform/BSP/debug/libBSP_efm32_debug.a(BSP_IrqHandler.o)
                0x0000000000012dac                RTC_IRQHandler
 .text.IrqHandler_SysTickDummyHandler
                0x0000000000012db8       0x10 ./../Platform/BSP/debug/libBSP_efm32_debug.a(BSP_IrqHandler.o)
                0x0000000000012db8                IrqHandler_SysTickDummyHandler
 .text.GPIO_PinOutClear
                0x0000000000012dc8       0x4c ./../Platform/BSP/debug/libBSP_efm32_debug.a(BSP_LED.o)
 .text.GPIO_PinOutSet
                0x0000000000012e14       0x4c ./../Platform/BSP/debug/libBSP_efm32_debug.a(BSP_LED.o)
 .text.GPIO_PinOutToggle
                0x0000000000012e60       0x4c ./../Platform/BSP/debug/libBSP_efm32_debug.a(BSP_LED.o)
 .text.BSP_LED_Connect
                0x0000000000012eac       0x48 ./../Platform/BSP/debug/libBSP_efm32_debug.a(BSP_LED.o)
                0x0000000000012eac                BSP_LED_Connect
 .text.BSP_LED_EnableAll
                0x0000000000012ef4       0x3c ./../Platform/BSP/debug/libBSP_efm32_debug.a(BSP_LED.o)
                0x0000000000012ef4                BSP_LED_EnableAll
 .text.BSP_LED_Switch
                0x0000000000012f30      0x15c ./../Platform/BSP/debug/libBSP_efm32_debug.a(BSP_LED.o)
                0x0000000000012f30                BSP_LED_Switch
 .text.BSP_LED_SwitchAll
                0x000000000001308c       0xd0 ./../Platform/BSP/debug/libBSP_efm32_debug.a(BSP_LED.o)
                0x000000000001308c                BSP_LED_SwitchAll
 .text.SDCard_SPIRxISR
                0x000000000001315c       0x28 ./../Platform/BSP/debug/libBSP_efm32_debug.a(BSP_SDCard.o)
                0x000000000001315c                SDCard_SPIRxISR
 .text.SDCard_SPITxISR
                0x0000000000013184       0x28 ./../Platform/BSP/debug/libBSP_efm32_debug.a(BSP_SDCard.o)
                0x0000000000013184                SDCard_SPITxISR
 .text.SensorNode_I2CISR
                0x00000000000131ac       0x28 ./../Platform/BSP/debug/libBSP_efm32_debug.a(BSP_SensorNode.o)
                0x00000000000131ac                SensorNode_I2CISR
 .text.USB_setSerialNumber
                0x00000000000131d4       0x7c ./../Platform/BSP/debug/libBSP_efm32_debug.a(BSP_USB.o)
 .text.USB_dataReceivedCallback
                0x0000000000013250       0x98 ./../Platform/BSP/debug/libBSP_efm32_debug.a(BSP_USB.o)
 .text.USB_dataTransferred
                0x00000000000132e8       0x4c ./../Platform/BSP/debug/libBSP_efm32_debug.a(BSP_USB.o)
 .text.USB_stateChange
                0x0000000000013334       0x58 ./../Platform/BSP/debug/libBSP_efm32_debug.a(BSP_USB.o)
                0x0000000000013334                USB_stateChange
 .text.USB_setupCommand
                0x000000000001338c      0x108 ./../Platform/BSP/debug/libBSP_efm32_debug.a(BSP_USB.o)
                0x000000000001338c                USB_setupCommand
 .text.USB_init
                0x0000000000013494       0xd0 ./../Platform/BSP/debug/libBSP_efm32_debug.a(BSP_USB.o)
                0x0000000000013494                USB_init
 .text.USB_receiveByte
                0x0000000000013564       0xa0 ./../Platform/BSP/debug/libBSP_efm32_debug.a(BSP_USB.o)
                0x0000000000013564                USB_receiveByte
 .text.RETARGET_WriteChar
                0x0000000000013604       0x2c ./../Platform/BSP/debug/libBSP_efm32_debug.a(BSP_USB.o)
                0x0000000000013604                RETARGET_WriteChar
 .text.USB_transmitData
                0x0000000000013630       0xc4 ./../Platform/BSP/debug/libBSP_efm32_debug.a(BSP_USB.o)
                0x0000000000013630                USB_transmitData
 .text.RETARGET_ReadChar
                0x00000000000136f4       0x24 ./../Platform/BSP/debug/libBSP_efm32_debug.a(BSP_USB.o)
                0x00000000000136f4                RETARGET_ReadChar
 .text.USB_callBackMapping
                0x0000000000013718       0x38 ./../Platform/BSP/debug/libBSP_efm32_debug.a(BSP_USB.o)
                0x0000000000013718                USB_callBackMapping
 .text.NVIC_EnableIRQ
                0x0000000000013750       0x38 ./../Platform/BSP/debug/libBSP_efm32_debug.a(BSP_WiFi_cc3100mod.o)
 .text.NVIC_DisableIRQ
                0x0000000000013788       0x3c ./../Platform/BSP/debug/libBSP_efm32_debug.a(BSP_WiFi_cc3100mod.o)
 .text.NVIC_ClearPendingIRQ
                0x00000000000137c4       0x3c ./../Platform/BSP/debug/libBSP_efm32_debug.a(BSP_WiFi_cc3100mod.o)
 .text.NVIC_SetPriority
                0x0000000000013800       0x5c ./../Platform/BSP/debug/libBSP_efm32_debug.a(BSP_WiFi_cc3100mod.o)
 .text.GPIO_IntClear
                0x000000000001385c       0x20 ./../Platform/BSP/debug/libBSP_efm32_debug.a(BSP_WiFi_cc3100mod.o)
 .text.GPIO_IntDisable
                0x000000000001387c       0x34 ./../Platform/BSP/debug/libBSP_efm32_debug.a(BSP_WiFi_cc3100mod.o)
 .text.GPIO_IntEnable
                0x00000000000138b0       0x30 ./../Platform/BSP/debug/libBSP_efm32_debug.a(BSP_WiFi_cc3100mod.o)
 .text.GPIO_PinOutClear
                0x00000000000138e0       0x4c ./../Platform/BSP/debug/libBSP_efm32_debug.a(BSP_WiFi_cc3100mod.o)
 .text.GPIO_PinOutSet
                0x000000000001392c       0x4c ./../Platform/BSP/debug/libBSP_efm32_debug.a(BSP_WiFi_cc3100mod.o)
 .text.Board_GPIOInterruptUnregisterCallback
                0x0000000000013978       0x20 ./../Platform/BSP/debug/libBSP_efm32_debug.a(BSP_WiFi_cc3100mod.o)
 .text.BSP_WiFi_CC3100MOD_Connect
                0x0000000000013998      0x1e8 ./../Platform/BSP/debug/libBSP_efm32_debug.a(BSP_WiFi_cc3100mod.o)
                0x0000000000013998                BSP_WiFi_CC3100MOD_Connect
 .text.BSP_WiFi_CC3100MOD_Enable
                0x0000000000013b80      0x1a4 ./../Platform/BSP/debug/libBSP_efm32_debug.a(BSP_WiFi_cc3100mod.o)
                0x0000000000013b80                BSP_WiFi_CC3100MOD_Enable
 .text.BSP_WiFi_CC3100MOD_Disable
                0x0000000000013d24       0xb0 ./../Platform/BSP/debug/libBSP_efm32_debug.a(BSP_WiFi_cc3100mod.o)
                0x0000000000013d24                BSP_WiFi_CC3100MOD_Disable
 .text.BSP_WiFi_CC3100MOD_GetSPIHandle
                0x0000000000013dd4       0x14 ./../Platform/BSP/debug/libBSP_efm32_debug.a(BSP_WiFi_cc3100mod.o)
                0x0000000000013dd4                BSP_WiFi_CC3100MOD_GetSPIHandle
 .text.BSP_WiFi_CC3100MOD_SetCSLow
                0x0000000000013de8       0x18 ./../Platform/BSP/debug/libBSP_efm32_debug.a(BSP_WiFi_cc3100mod.o)
                0x0000000000013de8                BSP_WiFi_CC3100MOD_SetCSLow
 .text.BSP_WiFi_CC3100MOD_SetCSHigh
                0x0000000000013e00       0x18 ./../Platform/BSP/debug/libBSP_efm32_debug.a(BSP_WiFi_cc3100mod.o)
                0x0000000000013e00                BSP_WiFi_CC3100MOD_SetCSHigh
 .text.WiFi_CC3100MOD_SPIRxISR
                0x0000000000013e18       0x28 ./../Platform/BSP/debug/libBSP_efm32_debug.a(BSP_WiFi_cc3100mod.o)
                0x0000000000013e18                WiFi_CC3100MOD_SPIRxISR
 .text.WiFi_CC3100MOD_SPITxISR
                0x0000000000013e40       0x28 ./../Platform/BSP/debug/libBSP_efm32_debug.a(BSP_WiFi_cc3100mod.o)
                0x0000000000013e40                WiFi_CC3100MOD_SPITxISR
 .text.WiFi_CC3100MOD_SPI_RxDMAComplete
                0x0000000000013e68       0x38 ./../Platform/BSP/debug/libBSP_efm32_debug.a(BSP_WiFi_cc3100mod.o)
                0x0000000000013e68                WiFi_CC3100MOD_SPI_RxDMAComplete
 .text.WiFi_CC3100MOD_SPI_TxDMAComplete
                0x0000000000013ea0       0x38 ./../Platform/BSP/debug/libBSP_efm32_debug.a(BSP_WiFi_cc3100mod.o)
                0x0000000000013ea0                WiFi_CC3100MOD_SPI_TxDMAComplete
 .text.WiFi_INT_InterruptCallback
                0x0000000000013ed8       0x14 ./../Platform/BSP/debug/libBSP_efm32_debug.a(BSP_WiFi_cc3100mod.o)
 .text.BT_EM9301_UART_TxISR
                0x0000000000013eec       0x28 ./../Platform/BSP/debug/libBSP_efm32_debug.a(BSP_BT_EM9301.o)
                0x0000000000013eec                BT_EM9301_UART_TxISR
 .text.BT_EM9301_UART_RxISR
                0x0000000000013f14       0x28 ./../Platform/BSP/debug/libBSP_efm32_debug.a(BSP_BT_EM9301.o)
                0x0000000000013f14                BT_EM9301_UART_RxISR
 .text.xTaskGenericCreate
                0x0000000000013f3c      0x1d0 ./../Libraries/FreeRTOS/debug/libFreeRTOS_efm32_debug.a(tasks.o)
                0x0000000000013f3c                xTaskGenericCreate
 .text.vTaskDelay
                0x000000000001410c       0xac ./../Libraries/FreeRTOS/debug/libFreeRTOS_efm32_debug.a(tasks.o)
                0x000000000001410c                vTaskDelay
 .text.vTaskStartScheduler
                0x00000000000141b8       0xa0 ./../Libraries/FreeRTOS/debug/libFreeRTOS_efm32_debug.a(tasks.o)
                0x00000000000141b8                vTaskStartScheduler
 .text.vTaskSuspendAll
                0x0000000000014258       0x24 ./../Libraries/FreeRTOS/debug/libFreeRTOS_efm32_debug.a(tasks.o)
                0x0000000000014258                vTaskSuspendAll
 .text.xTaskResumeAll
                0x000000000001427c      0x180 ./../Libraries/FreeRTOS/debug/libFreeRTOS_efm32_debug.a(tasks.o)
                0x000000000001427c                xTaskResumeAll
 .text.xTaskGetTickCount
                0x00000000000143fc       0x20 ./../Libraries/FreeRTOS/debug/libFreeRTOS_efm32_debug.a(tasks.o)
                0x00000000000143fc                xTaskGetTickCount
 .text.xTaskIncrementTick
                0x000000000001441c      0x20c ./../Libraries/FreeRTOS/debug/libFreeRTOS_efm32_debug.a(tasks.o)
                0x000000000001441c                xTaskIncrementTick
 .text.vTaskSwitchContext
                0x0000000000014628      0x150 ./../Libraries/FreeRTOS/debug/libFreeRTOS_efm32_debug.a(tasks.o)
                0x0000000000014628                vTaskSwitchContext
 .text.vTaskPlaceOnEventList
                0x0000000000014778       0xc4 ./../Libraries/FreeRTOS/debug/libFreeRTOS_efm32_debug.a(tasks.o)
                0x0000000000014778                vTaskPlaceOnEventList
 .text.vTaskPlaceOnEventListRestricted
                0x000000000001483c       0xc4 ./../Libraries/FreeRTOS/debug/libFreeRTOS_efm32_debug.a(tasks.o)
                0x000000000001483c                vTaskPlaceOnEventListRestricted
 .text.xTaskRemoveFromEventList
                0x0000000000014900       0xe8 ./../Libraries/FreeRTOS/debug/libFreeRTOS_efm32_debug.a(tasks.o)
                0x0000000000014900                xTaskRemoveFromEventList
 .text.vTaskSetTimeOutState
                0x00000000000149e8       0x44 ./../Libraries/FreeRTOS/debug/libFreeRTOS_efm32_debug.a(tasks.o)
                0x00000000000149e8                vTaskSetTimeOutState
 .text.xTaskCheckForTimeOut
                0x0000000000014a2c       0xc4 ./../Libraries/FreeRTOS/debug/libFreeRTOS_efm32_debug.a(tasks.o)
                0x0000000000014a2c                xTaskCheckForTimeOut
 .text.vTaskMissedYield
                0x0000000000014af0       0x18 ./../Libraries/FreeRTOS/debug/libFreeRTOS_efm32_debug.a(tasks.o)
                0x0000000000014af0                vTaskMissedYield
 .text.prvIdleTask
                0x0000000000014b08       0x10 ./../Libraries/FreeRTOS/debug/libFreeRTOS_efm32_debug.a(tasks.o)
 .text.prvInitialiseTCBVariables
                0x0000000000014b18       0xbc ./../Libraries/FreeRTOS/debug/libFreeRTOS_efm32_debug.a(tasks.o)
 .text.prvInitialiseTaskLists
                0x0000000000014bd4       0xa4 ./../Libraries/FreeRTOS/debug/libFreeRTOS_efm32_debug.a(tasks.o)
 .text.prvCheckTasksWaitingTermination
                0x0000000000014c78       0x9c ./../Libraries/FreeRTOS/debug/libFreeRTOS_efm32_debug.a(tasks.o)
 .text.prvAddCurrentTaskToDelayedList
                0x0000000000014d14       0x8c ./../Libraries/FreeRTOS/debug/libFreeRTOS_efm32_debug.a(tasks.o)
 .text.prvAllocateTCBAndStack
                0x0000000000014da0       0x7c ./../Libraries/FreeRTOS/debug/libFreeRTOS_efm32_debug.a(tasks.o)
 .text.prvDeleteTCB
                0x0000000000014e1c       0x20 ./../Libraries/FreeRTOS/debug/libFreeRTOS_efm32_debug.a(tasks.o)
 .text.prvResetNextTaskUnblockTime
                0x0000000000014e3c       0x5c ./../Libraries/FreeRTOS/debug/libFreeRTOS_efm32_debug.a(tasks.o)
 .text.xTaskGetCurrentTaskHandle
                0x0000000000014e98       0x20 ./../Libraries/FreeRTOS/debug/libFreeRTOS_efm32_debug.a(tasks.o)
                0x0000000000014e98                xTaskGetCurrentTaskHandle
 .text.xTaskGetSchedulerState
                0x0000000000014eb8       0x48 ./../Libraries/FreeRTOS/debug/libFreeRTOS_efm32_debug.a(tasks.o)
                0x0000000000014eb8                xTaskGetSchedulerState
 .text.vTaskPriorityInherit
                0x0000000000014f00      0x144 ./../Libraries/FreeRTOS/debug/libFreeRTOS_efm32_debug.a(tasks.o)
                0x0000000000014f00                vTaskPriorityInherit
 .text.xTaskPriorityDisinherit
                0x0000000000015044      0x13c ./../Libraries/FreeRTOS/debug/libFreeRTOS_efm32_debug.a(tasks.o)
                0x0000000000015044                xTaskPriorityDisinherit
 .text.pvTaskIncrementMutexHeldCount
                0x0000000000015180       0x38 ./../Libraries/FreeRTOS/debug/libFreeRTOS_efm32_debug.a(tasks.o)
                0x0000000000015180                pvTaskIncrementMutexHeldCount
 .text.xTimerCreateTimerTask
                0x00000000000151b8       0x78 ./../Libraries/FreeRTOS/debug/libFreeRTOS_efm32_debug.a(timers.o)
                0x00000000000151b8                xTimerCreateTimerTask
 .text.xTimerCreate
                0x0000000000015230       0x7c ./../Libraries/FreeRTOS/debug/libFreeRTOS_efm32_debug.a(timers.o)
                0x0000000000015230                xTimerCreate
 .text.xTimerGenericCommand
                0x00000000000152ac       0xac ./../Libraries/FreeRTOS/debug/libFreeRTOS_efm32_debug.a(timers.o)
                0x00000000000152ac                xTimerGenericCommand
 .text.prvProcessExpiredTimer
                0x0000000000015358       0x88 ./../Libraries/FreeRTOS/debug/libFreeRTOS_efm32_debug.a(timers.o)
 .text.prvTimerTask
                0x00000000000153e0       0x24 ./../Libraries/FreeRTOS/debug/libFreeRTOS_efm32_debug.a(timers.o)
 .text.prvProcessTimerOrBlockTask
                0x0000000000015404       0x78 ./../Libraries/FreeRTOS/debug/libFreeRTOS_efm32_debug.a(timers.o)
 .text.prvGetNextExpireTime
                0x000000000001547c       0x54 ./../Libraries/FreeRTOS/debug/libFreeRTOS_efm32_debug.a(timers.o)
 .text.prvSampleTimeNow
                0x00000000000154d0       0x4c ./../Libraries/FreeRTOS/debug/libFreeRTOS_efm32_debug.a(timers.o)
 .text.prvInsertTimerInActiveList
                0x000000000001551c       0x94 ./../Libraries/FreeRTOS/debug/libFreeRTOS_efm32_debug.a(timers.o)
 .text.prvProcessReceivedCommands
                0x00000000000155b0      0x174 ./../Libraries/FreeRTOS/debug/libFreeRTOS_efm32_debug.a(timers.o)
 .text.prvSwitchTimerLists
                0x0000000000015724       0xf0 ./../Libraries/FreeRTOS/debug/libFreeRTOS_efm32_debug.a(timers.o)
 .text.prvCheckForValidListAndQueue
                0x0000000000015814       0xb8 ./../Libraries/FreeRTOS/debug/libFreeRTOS_efm32_debug.a(timers.o)
 .text.xTimerIsTimerActive
                0x00000000000158cc       0x30 ./../Libraries/FreeRTOS/debug/libFreeRTOS_efm32_debug.a(timers.o)
                0x00000000000158cc                xTimerIsTimerActive
 .text.pvTimerGetTimerID
                0x00000000000158fc       0x3c ./../Libraries/FreeRTOS/debug/libFreeRTOS_efm32_debug.a(timers.o)
                0x00000000000158fc                pvTimerGetTimerID
 .text.xTimerPendFunctionCallFromISR
                0x0000000000015938       0x4c ./../Libraries/FreeRTOS/debug/libFreeRTOS_efm32_debug.a(timers.o)
                0x0000000000015938                xTimerPendFunctionCallFromISR
 .text.pvPortMalloc
                0x0000000000015984      0x1e0 ./../Libraries/FreeRTOS/debug/libFreeRTOS_efm32_debug.a(heap_4.o)
                0x0000000000015984                pvPortMalloc
 .text.vPortFree
                0x0000000000015b64       0xcc ./../Libraries/FreeRTOS/debug/libFreeRTOS_efm32_debug.a(heap_4.o)
                0x0000000000015b64                vPortFree
 .text.prvHeapInit
                0x0000000000015c30       0xfc ./../Libraries/FreeRTOS/debug/libFreeRTOS_efm32_debug.a(heap_4.o)
 .text.prvInsertBlockIntoFreeList
                0x0000000000015d2c       0xbc ./../Libraries/FreeRTOS/debug/libFreeRTOS_efm32_debug.a(heap_4.o)
 .text.pxPortInitialiseStack
                0x0000000000015de8       0x64 ./../Libraries/FreeRTOS/debug/libFreeRTOS_efm32_debug.a(port.o)
                0x0000000000015de8                pxPortInitialiseStack
 .text.prvTaskExitError
                0x0000000000015e4c       0x2c ./../Libraries/FreeRTOS/debug/libFreeRTOS_efm32_debug.a(port.o)
 .text.SVC_Handler
                0x0000000000015e78       0x24 ./../Libraries/FreeRTOS/debug/libFreeRTOS_efm32_debug.a(port.o)
                0x0000000000015e78                SVC_Handler
 .text.prvPortStartFirstTask
                0x0000000000015e9c       0x20 ./../Libraries/FreeRTOS/debug/libFreeRTOS_efm32_debug.a(port.o)
 .text.xPortStartScheduler
                0x0000000000015ebc      0x10c ./../Libraries/FreeRTOS/debug/libFreeRTOS_efm32_debug.a(port.o)
                0x0000000000015ebc                xPortStartScheduler
 .text.vPortYield
                0x0000000000015fc8       0x20 ./../Libraries/FreeRTOS/debug/libFreeRTOS_efm32_debug.a(port.o)
                0x0000000000015fc8                vPortYield
 .text.vPortEnterCritical
                0x0000000000015fe8       0x58 ./../Libraries/FreeRTOS/debug/libFreeRTOS_efm32_debug.a(port.o)
                0x0000000000015fe8                vPortEnterCritical
 .text.vPortExitCritical
                0x0000000000016040       0x54 ./../Libraries/FreeRTOS/debug/libFreeRTOS_efm32_debug.a(port.o)
                0x0000000000016040                vPortExitCritical
 .text.ulPortSetInterruptMask
                0x0000000000016094       0x14 ./../Libraries/FreeRTOS/debug/libFreeRTOS_efm32_debug.a(port.o)
                0x0000000000016094                ulPortSetInterruptMask
 .text.vPortClearInterruptMask
                0x00000000000160a8        0x8 ./../Libraries/FreeRTOS/debug/libFreeRTOS_efm32_debug.a(port.o)
                0x00000000000160a8                vPortClearInterruptMask
 .text.PendSV_Handler
                0x00000000000160b0       0x44 ./../Libraries/FreeRTOS/debug/libFreeRTOS_efm32_debug.a(port.o)
                0x00000000000160b0                PendSV_Handler
 .text.xPortSysTickHandler
                0x00000000000160f4       0x2c ./../Libraries/FreeRTOS/debug/libFreeRTOS_efm32_debug.a(port.o)
                0x00000000000160f4                xPortSysTickHandler
 .text.vPortSetupTimerInterrupt
                0x0000000000016120       0x28 ./../Libraries/FreeRTOS/debug/libFreeRTOS_efm32_debug.a(port.o)
                0x0000000000016120                vPortSetupTimerInterrupt
 .text.vPortValidateInterruptPriority
                0x0000000000016148       0x78 ./../Libraries/FreeRTOS/debug/libFreeRTOS_efm32_debug.a(port.o)
                0x0000000000016148                vPortValidateInterruptPriority
 .text.vListInitialise
                0x00000000000161c0       0x40 ./../Libraries/FreeRTOS/debug/libFreeRTOS_efm32_debug.a(list.o)
                0x00000000000161c0                vListInitialise
 .text.vListInitialiseItem
                0x0000000000016200       0x1c ./../Libraries/FreeRTOS/debug/libFreeRTOS_efm32_debug.a(list.o)
                0x0000000000016200                vListInitialiseItem
 .text.vListInsertEnd
                0x000000000001621c       0x48 ./../Libraries/FreeRTOS/debug/libFreeRTOS_efm32_debug.a(list.o)
                0x000000000001621c                vListInsertEnd
 .text.vListInsert
                0x0000000000016264       0x74 ./../Libraries/FreeRTOS/debug/libFreeRTOS_efm32_debug.a(list.o)
                0x0000000000016264                vListInsert
 .text.uxListRemove
                0x00000000000162d8       0x58 ./../Libraries/FreeRTOS/debug/libFreeRTOS_efm32_debug.a(list.o)
                0x00000000000162d8                uxListRemove
 .text.xQueueGenericReset
                0x0000000000016330       0xc8 ./../Libraries/FreeRTOS/debug/libFreeRTOS_efm32_debug.a(queue.o)
                0x0000000000016330                xQueueGenericReset
 .text.xQueueGenericCreate
                0x00000000000163f8       0xb8 ./../Libraries/FreeRTOS/debug/libFreeRTOS_efm32_debug.a(queue.o)
                0x00000000000163f8                xQueueGenericCreate
 .text.xQueueCreateMutex
                0x00000000000164b0       0xb8 ./../Libraries/FreeRTOS/debug/libFreeRTOS_efm32_debug.a(queue.o)
                0x00000000000164b0                xQueueCreateMutex
 .text.xQueueGenericSend
                0x0000000000016568      0x1c8 ./../Libraries/FreeRTOS/debug/libFreeRTOS_efm32_debug.a(queue.o)
                0x0000000000016568                xQueueGenericSend
 .text.xQueueGenericSendFromISR
                0x0000000000016730      0x110 ./../Libraries/FreeRTOS/debug/libFreeRTOS_efm32_debug.a(queue.o)
                0x0000000000016730                xQueueGenericSendFromISR
 .text.xQueueGiveFromISR
                0x0000000000016840      0x108 ./../Libraries/FreeRTOS/debug/libFreeRTOS_efm32_debug.a(queue.o)
                0x0000000000016840                xQueueGiveFromISR
 .text.xQueueGenericReceive
                0x0000000000016948      0x1e0 ./../Libraries/FreeRTOS/debug/libFreeRTOS_efm32_debug.a(queue.o)
                0x0000000000016948                xQueueGenericReceive
 .text.vQueueDelete
                0x0000000000016b28       0x38 ./../Libraries/FreeRTOS/debug/libFreeRTOS_efm32_debug.a(queue.o)
                0x0000000000016b28                vQueueDelete
 .text.prvCopyDataToQueue
                0x0000000000016b60       0xe8 ./../Libraries/FreeRTOS/debug/libFreeRTOS_efm32_debug.a(queue.o)
 .text.prvCopyDataFromQueue
                0x0000000000016c48       0x50 ./../Libraries/FreeRTOS/debug/libFreeRTOS_efm32_debug.a(queue.o)
 .text.prvUnlockQueue
                0x0000000000016c98       0xc0 ./../Libraries/FreeRTOS/debug/libFreeRTOS_efm32_debug.a(queue.o)
 .text.prvIsQueueEmpty
                0x0000000000016d58       0x34 ./../Libraries/FreeRTOS/debug/libFreeRTOS_efm32_debug.a(queue.o)
 .text.prvIsQueueFull
                0x0000000000016d8c       0x38 ./../Libraries/FreeRTOS/debug/libFreeRTOS_efm32_debug.a(queue.o)
 .text.vQueueAddToRegistry
                0x0000000000016dc4       0x64 ./../Libraries/FreeRTOS/debug/libFreeRTOS_efm32_debug.a(queue.o)
                0x0000000000016dc4                vQueueAddToRegistry
 .text.vQueueUnregisterQueue
                0x0000000000016e28       0x54 ./../Libraries/FreeRTOS/debug/libFreeRTOS_efm32_debug.a(queue.o)
                0x0000000000016e28                vQueueUnregisterQueue
 .text.vQueueWaitForMessageRestricted
                0x0000000000016e7c       0x64 ./../Libraries/FreeRTOS/debug/libFreeRTOS_efm32_debug.a(queue.o)
                0x0000000000016e7c                vQueueWaitForMessageRestricted
 .text.prvNotifyQueueSetContainer
                0x0000000000016ee0       0xa8 ./../Libraries/FreeRTOS/debug/libFreeRTOS_efm32_debug.a(queue.o)
 .text.ADC_Init
                0x0000000000016f88       0x68 ./../Libraries/EMlib/debug/libEMLib_efm32_debug.a(em_adc.o)
                0x0000000000016f88                ADC_Init
 .text.ADC_PrescaleCalc
                0x0000000000016ff0       0x78 ./../Libraries/EMlib/debug/libEMLib_efm32_debug.a(em_adc.o)
                0x0000000000016ff0                ADC_PrescaleCalc
 .text.ADC_TimebaseCalc
                0x0000000000017068       0x74 ./../Libraries/EMlib/debug/libEMLib_efm32_debug.a(em_adc.o)
                0x0000000000017068                ADC_TimebaseCalc
 .text.BITBAND_Peripheral
                0x00000000000170dc       0x30 ./../Libraries/EMlib/debug/libEMLib_efm32_debug.a(em_cmu.o)
 .text.CMU_MaxFreqHfle
                0x000000000001710c       0xb8 ./../Libraries/EMlib/debug/libEMLib_efm32_debug.a(em_cmu.o)
 .text.CMU_FlashWaitStateMax
                0x00000000000171c4       0x68 ./../Libraries/EMlib/debug/libEMLib_efm32_debug.a(em_cmu.o)
 .text.CMU_DivToLog2
                0x000000000001722c       0x38 ./../Libraries/EMlib/debug/libEMLib_efm32_debug.a(em_cmu.o)
 .text.CMU_FlashWaitStateControl
                0x0000000000017264       0xf4 ./../Libraries/EMlib/debug/libEMLib_efm32_debug.a(em_cmu.o)
 .text.CMU_USBCClkGet
                0x0000000000017358       0x50 ./../Libraries/EMlib/debug/libEMLib_efm32_debug.a(em_cmu.o)
 .text.CMU_AUXClkGet
                0x00000000000173a8       0x9c ./../Libraries/EMlib/debug/libEMLib_efm32_debug.a(em_cmu.o)
 .text.CMU_DBGClkGet
                0x0000000000017444       0x64 ./../Libraries/EMlib/debug/libEMLib_efm32_debug.a(em_cmu.o)
 .text.CMU_LFClkGet
                0x00000000000174a8       0xd4 ./../Libraries/EMlib/debug/libEMLib_efm32_debug.a(em_cmu.o)
 .text.CMU_Sync
                0x000000000001757c       0x3c ./../Libraries/EMlib/debug/libEMLib_efm32_debug.a(em_cmu.o)
 .text.CMU_ClockDivSet
                0x00000000000175b8      0x298 ./../Libraries/EMlib/debug/libEMLib_efm32_debug.a(em_cmu.o)
                0x00000000000175b8                CMU_ClockDivSet
 .text.CMU_ClockEnable
                0x0000000000017850      0x10c ./../Libraries/EMlib/debug/libEMLib_efm32_debug.a(em_cmu.o)
                0x0000000000017850                CMU_ClockEnable
 .text.CMU_ClockFreqGet
                0x000000000001795c      0x1e8 ./../Libraries/EMlib/debug/libEMLib_efm32_debug.a(em_cmu.o)
                0x000000000001795c                CMU_ClockFreqGet
 .text.CMU_ClockSelectGet
                0x0000000000017b44      0x1a4 ./../Libraries/EMlib/debug/libEMLib_efm32_debug.a(em_cmu.o)
                0x0000000000017b44                CMU_ClockSelectGet
 .text.CMU_ClockSelectSet
                0x0000000000017ce8      0x38c ./../Libraries/EMlib/debug/libEMLib_efm32_debug.a(em_cmu.o)
                0x0000000000017ce8                CMU_ClockSelectSet
 .text.CMU_OscillatorEnable
                0x0000000000018074       0xe8 ./../Libraries/EMlib/debug/libEMLib_efm32_debug.a(em_cmu.o)
                0x0000000000018074                CMU_OscillatorEnable
 .text.MSC_Init
                0x000000000001815c      0x108 ./../Libraries/EMlib/debug/libEMLib_efm32_debug.a(em_msc.o)
                0x000000000001815c                MSC_Init
 .text.MSC_Deinit
                0x0000000000018264       0x30 ./../Libraries/EMlib/debug/libEMLib_efm32_debug.a(em_msc.o)
                0x0000000000018264                MSC_Deinit
 .text.NVIC_DisableIRQ
                0x0000000000018294       0x3c ./../Libraries/EMlib/debug/libEMLib_efm32_debug.a(em_dma.o)
 .text.BITBAND_Peripheral
                0x00000000000182d0       0x30 ./../Libraries/EMlib/debug/libEMLib_efm32_debug.a(em_dma.o)
 .text.DMA_Prepare
                0x0000000000018300      0x138 ./../Libraries/EMlib/debug/libEMLib_efm32_debug.a(em_dma.o)
 .text.DMA_IRQHandler
                0x0000000000018438      0x110 ./../Libraries/EMlib/debug/libEMLib_efm32_debug.a(em_dma.o)
                0x0000000000018438                DMA_IRQHandler
 .text.DMA_ActivateBasic
                0x0000000000018548       0x48 ./../Libraries/EMlib/debug/libEMLib_efm32_debug.a(em_dma.o)
                0x0000000000018548                DMA_ActivateBasic
 .text.DMA_CfgChannel
                0x0000000000018590       0xc0 ./../Libraries/EMlib/debug/libEMLib_efm32_debug.a(em_dma.o)
                0x0000000000018590                DMA_CfgChannel
 .text.DMA_CfgDescr
                0x0000000000018650       0x84 ./../Libraries/EMlib/debug/libEMLib_efm32_debug.a(em_dma.o)
                0x0000000000018650                DMA_CfgDescr
 .text.DMA_Reset
                0x00000000000186d4       0xd4 ./../Libraries/EMlib/debug/libEMLib_efm32_debug.a(em_dma.o)
                0x00000000000186d4                DMA_Reset
 .text.EMU_UpdateOscConfig
                0x00000000000187a8       0x20 ./../Libraries/EMlib/debug/libEMLib_efm32_debug.a(em_emu.o)
                0x00000000000187a8                EMU_UpdateOscConfig
 .text.BITBAND_Peripheral
                0x00000000000187c8       0x30 ./../Libraries/EMlib/debug/libEMLib_efm32_debug.a(em_gpio.o)
 .text.GPIO_DriveModeSet
                0x00000000000187f8       0x60 ./../Libraries/EMlib/debug/libEMLib_efm32_debug.a(em_gpio.o)
                0x00000000000187f8                GPIO_DriveModeSet
 .text.GPIO_IntConfig
                0x0000000000018858       0xf4 ./../Libraries/EMlib/debug/libEMLib_efm32_debug.a(em_gpio.o)
                0x0000000000018858                GPIO_IntConfig
 .text.GPIO_PinModeSet
                0x000000000001894c      0x1b8 ./../Libraries/EMlib/debug/libEMLib_efm32_debug.a(em_gpio.o)
                0x000000000001894c                GPIO_PinModeSet
 .text.BITBAND_Peripheral
                0x0000000000018b04       0x30 ./../Libraries/EMlib/debug/libEMLib_efm32_debug.a(em_i2c.o)
 .text.I2C_BusFreqSet
                0x0000000000018b34       0x94 ./../Libraries/EMlib/debug/libEMLib_efm32_debug.a(em_i2c.o)
                0x0000000000018b34                I2C_BusFreqSet
 .text.I2C_Init
                0x0000000000018bc8       0x84 ./../Libraries/EMlib/debug/libEMLib_efm32_debug.a(em_i2c.o)
                0x0000000000018bc8                I2C_Init
 .text.USART_BaudrateAsyncSet
                0x0000000000018c4c       0xd0 ./../Libraries/EMlib/debug/libEMLib_efm32_debug.a(em_usart.o)
                0x0000000000018c4c                USART_BaudrateAsyncSet
 .text.USART_BaudrateSyncSet
                0x0000000000018d1c       0x7c ./../Libraries/EMlib/debug/libEMLib_efm32_debug.a(em_usart.o)
                0x0000000000018d1c                USART_BaudrateSyncSet
 .text.USART_InitAsync
                0x0000000000018d98       0xbc ./../Libraries/EMlib/debug/libEMLib_efm32_debug.a(em_usart.o)
                0x0000000000018d98                USART_InitAsync
 .text.USART_Reset
                0x0000000000018e54       0xd8 ./../Libraries/EMlib/debug/libEMLib_efm32_debug.a(em_usart.o)
                0x0000000000018e54                USART_Reset
 .text.SYSTEM_ChipRevisionGet
                0x0000000000018f2c       0x94 ./../Libraries/EMlib/debug/libEMLib_efm32_debug.a(em_system.o)
                0x0000000000018f2c                SYSTEM_ChipRevisionGet
 .text.NVIC_EnableIRQ
                0x0000000000018fc0       0x38 ./../Libraries/EMlib/debug/libEMLib_efm32_debug.a(em_usbd.o)
 .text.NVIC_ClearPendingIRQ
                0x0000000000018ff8       0x3c ./../Libraries/EMlib/debug/libEMLib_efm32_debug.a(em_usbd.o)
 .text.INT_Disable
                0x0000000000019034       0x40 ./../Libraries/EMlib/debug/libEMLib_efm32_debug.a(em_usbd.o)
 .text.INT_Enable
                0x0000000000019074       0x54 ./../Libraries/EMlib/debug/libEMLib_efm32_debug.a(em_usbd.o)
 .text.USBHAL_DisableGlobalInt
                0x00000000000190c8       0x34 ./../Libraries/EMlib/debug/libEMLib_efm32_debug.a(em_usbd.o)
 .text.USBHAL_EnableGlobalInt
                0x00000000000190fc       0x34 ./../Libraries/EMlib/debug/libEMLib_efm32_debug.a(em_usbd.o)
 .text.USBDHAL_EnableUsbResetAndSuspendInt
                0x0000000000019130       0x38 ./../Libraries/EMlib/debug/libEMLib_efm32_debug.a(em_usbd.o)
 .text.USBDHAL_EpIsStalled
                0x0000000000019168       0x3c ./../Libraries/EMlib/debug/libEMLib_efm32_debug.a(em_usbd.o)
 .text.USBDHAL_GetStallStatusEp
                0x00000000000191a4       0xc0 ./../Libraries/EMlib/debug/libEMLib_efm32_debug.a(em_usbd.o)
 .text.USBDHAL_SetEp0InDmaPtr
                0x0000000000019264       0x28 ./../Libraries/EMlib/debug/libEMLib_efm32_debug.a(em_usbd.o)
 .text.USBDHAL_SetEp0OutDmaPtr
                0x000000000001928c       0x28 ./../Libraries/EMlib/debug/libEMLib_efm32_debug.a(em_usbd.o)
 .text.USBDHAL_StartEp0In
                0x00000000000192b4       0x5c ./../Libraries/EMlib/debug/libEMLib_efm32_debug.a(em_usbd.o)
 .text.USBDHAL_StartEp0Out
                0x0000000000019310       0x5c ./../Libraries/EMlib/debug/libEMLib_efm32_debug.a(em_usbd.o)
 .text.USBDHAL_StartEpIn
                0x000000000001936c       0xc8 ./../Libraries/EMlib/debug/libEMLib_efm32_debug.a(em_usbd.o)
 .text.USBDHAL_StartEpOut
                0x0000000000019434       0xd4 ./../Libraries/EMlib/debug/libEMLib_efm32_debug.a(em_usbd.o)
 .text.USBD_ArmEp
                0x0000000000019508       0x28 ./../Libraries/EMlib/debug/libEMLib_efm32_debug.a(em_usbd.o)
 .text.USBD_ArmEp0
                0x0000000000019530       0x88 ./../Libraries/EMlib/debug/libEMLib_efm32_debug.a(em_usbd.o)
 .text.USBD_ArmEpN
                0x00000000000195b8       0x28 ./../Libraries/EMlib/debug/libEMLib_efm32_debug.a(em_usbd.o)
 .text.USBD_GetEpFromAddr
                0x00000000000195e0       0xa0 ./../Libraries/EMlib/debug/libEMLib_efm32_debug.a(em_usbd.o)
 .text.USBD_Disconnect
                0x0000000000019680       0x14 ./../Libraries/EMlib/debug/libEMLib_efm32_debug.a(em_usbd.o)
                0x0000000000019680                USBD_Disconnect
 .text.USBD_GetUsbState
                0x0000000000019694       0x1c ./../Libraries/EMlib/debug/libEMLib_efm32_debug.a(em_usbd.o)
                0x0000000000019694                USBD_GetUsbState
 .text.USBD_Init
                0x00000000000196b0      0x4fc ./../Libraries/EMlib/debug/libEMLib_efm32_debug.a(em_usbd.o)
                0x00000000000196b0                USBD_Init
 .text.USBD_Read
                0x0000000000019bac      0x108 ./../Libraries/EMlib/debug/libEMLib_efm32_debug.a(em_usbd.o)
                0x0000000000019bac                USBD_Read
 .text.USBD_SetUsbState
                0x0000000000019cb4       0x98 ./../Libraries/EMlib/debug/libEMLib_efm32_debug.a(em_usbd.o)
                0x0000000000019cb4                USBD_SetUsbState
 .text.USBD_Write
                0x0000000000019d4c      0x10c ./../Libraries/EMlib/debug/libEMLib_efm32_debug.a(em_usbd.o)
                0x0000000000019d4c                USBD_Write
 .text.NVIC_ClearPendingIRQ
                0x0000000000019e58       0x3c ./../Libraries/EMlib/debug/libEMLib_efm32_debug.a(em_usbhal.o)
 .text.INT_Disable
                0x0000000000019e94       0x40 ./../Libraries/EMlib/debug/libEMLib_efm32_debug.a(em_usbhal.o)
 .text.INT_Enable
                0x0000000000019ed4       0x54 ./../Libraries/EMlib/debug/libEMLib_efm32_debug.a(em_usbhal.o)
 .text.USBHAL_FlushRxFifo
                0x0000000000019f28       0x3c ./../Libraries/EMlib/debug/libEMLib_efm32_debug.a(em_usbhal.o)
 .text.USBHAL_FlushTxFifo
                0x0000000000019f64       0x4c ./../Libraries/EMlib/debug/libEMLib_efm32_debug.a(em_usbhal.o)
 .text.USBDHAL_DeactivateEp
                0x0000000000019fb0       0x88 ./../Libraries/EMlib/debug/libEMLib_efm32_debug.a(em_usbhal.o)
 .text.USBDHAL_GetInEpInts
                0x000000000001a038       0x44 ./../Libraries/EMlib/debug/libEMLib_efm32_debug.a(em_usbhal.o)
 .text.USBDHAL_GetOutEpInts
                0x000000000001a07c       0x44 ./../Libraries/EMlib/debug/libEMLib_efm32_debug.a(em_usbhal.o)
 .text.USBDHAL_SetEPDISNAK
                0x000000000001a0c0       0xac ./../Libraries/EMlib/debug/libEMLib_efm32_debug.a(em_usbhal.o)
 .text.USBD_GetEpFromAddr
                0x000000000001a16c       0xa0 ./../Libraries/EMlib/debug/libEMLib_efm32_debug.a(em_usbhal.o)
 .text.USBHAL_CoreReset
                0x000000000001a20c       0xbc ./../Libraries/EMlib/debug/libEMLib_efm32_debug.a(em_usbhal.o)
                0x000000000001a20c                USBHAL_CoreReset
 .text.USBDHAL_CoreInit
                0x000000000001a2c8      0x3ec ./../Libraries/EMlib/debug/libEMLib_efm32_debug.a(em_usbhal.o)
                0x000000000001a2c8                USBDHAL_CoreInit
 .text.USBDHAL_Disconnect
                0x000000000001a6b4       0x3c ./../Libraries/EMlib/debug/libEMLib_efm32_debug.a(em_usbhal.o)
                0x000000000001a6b4                USBDHAL_Disconnect
 .text.USBDHAL_AbortAllEps
                0x000000000001a6f0      0x53c ./../Libraries/EMlib/debug/libEMLib_efm32_debug.a(em_usbhal.o)
                0x000000000001a6f0                USBDHAL_AbortAllEps
 .text.USBDHAL_AbortAllTransfers
                0x000000000001ac2c       0xc8 ./../Libraries/EMlib/debug/libEMLib_efm32_debug.a(em_usbhal.o)
                0x000000000001ac2c                USBDHAL_AbortAllTransfers
 .text.USBDHAL_ReenableEp0Setup
                0x000000000001acf4       0x60 ./../Libraries/EMlib/debug/libEMLib_efm32_debug.a(em_usbdep.o)
 .text.USBDHAL_StallEp
                0x000000000001ad54       0xcc ./../Libraries/EMlib/debug/libEMLib_efm32_debug.a(em_usbdep.o)
 .text.USBDHAL_StartEp0In
                0x000000000001ae20       0x5c ./../Libraries/EMlib/debug/libEMLib_efm32_debug.a(em_usbdep.o)
 .text.USBDHAL_StartEp0Out
                0x000000000001ae7c       0x5c ./../Libraries/EMlib/debug/libEMLib_efm32_debug.a(em_usbdep.o)
 .text.USBD_GetEpFromAddr
                0x000000000001aed8       0xa0 ./../Libraries/EMlib/debug/libEMLib_efm32_debug.a(em_usbdep.o)
 .text.USBD_ReArmEp0
                0x000000000001af78       0x64 ./../Libraries/EMlib/debug/libEMLib_efm32_debug.a(em_usbdep.o)
 .text.USBDEP_Ep0Handler
                0x000000000001afdc      0x300 ./../Libraries/EMlib/debug/libEMLib_efm32_debug.a(em_usbdep.o)
                0x000000000001afdc                USBDEP_Ep0Handler
 .text.USBDEP_EpHandler
                0x000000000001b2dc       0x60 ./../Libraries/EMlib/debug/libEMLib_efm32_debug.a(em_usbdep.o)
                0x000000000001b2dc                USBDEP_EpHandler
 .text.TIMER_CounterGet
                0x000000000001b33c       0x18 ./../Libraries/EMlib/debug/libEMLib_efm32_debug.a(em_usbtimer.o)
 .text.TIMER_TopSet
                0x000000000001b354       0x1c ./../Libraries/EMlib/debug/libEMLib_efm32_debug.a(em_usbtimer.o)
 .text.DelayTicks
                0x000000000001b370       0x4c ./../Libraries/EMlib/debug/libEMLib_efm32_debug.a(em_usbtimer.o)
 .text.USBTIMER_DelayMs
                0x000000000001b3bc       0x84 ./../Libraries/EMlib/debug/libEMLib_efm32_debug.a(em_usbtimer.o)
                0x000000000001b3bc                USBTIMER_DelayMs
 .text.USBTIMER_DelayUs
                0x000000000001b440      0x124 ./../Libraries/EMlib/debug/libEMLib_efm32_debug.a(em_usbtimer.o)
                0x000000000001b440                USBTIMER_DelayUs
 .text.USBTIMER_Init
                0x000000000001b564      0x188 ./../Libraries/EMlib/debug/libEMLib_efm32_debug.a(em_usbtimer.o)
                0x000000000001b564                USBTIMER_Init
 .text.GetProdRev
                0x000000000001b6ec       0x1c ./../Libraries/EMlib/debug/libEMLib_efm32_debug.a(system_efm32gg.o)
 .text.SystemCoreClockGet
                0x000000000001b708       0x58 ./../Libraries/EMlib/debug/libEMLib_efm32_debug.a(system_efm32gg.o)
                0x000000000001b708                SystemCoreClockGet
 .text.SystemHFClockGet
                0x000000000001b760      0x110 ./../Libraries/EMlib/debug/libEMLib_efm32_debug.a(system_efm32gg.o)
                0x000000000001b760                SystemHFClockGet
 .text.SystemHFXOClockGet
                0x000000000001b870       0x18 ./../Libraries/EMlib/debug/libEMLib_efm32_debug.a(system_efm32gg.o)
                0x000000000001b870                SystemHFXOClockGet
 .text.SystemInit
                0x000000000001b888        0xc ./../Libraries/EMlib/debug/libEMLib_efm32_debug.a(system_efm32gg.o)
                0x000000000001b888                SystemInit
 .text.SystemLFRCOClockGet
                0x000000000001b894       0x10 ./../Libraries/EMlib/debug/libEMLib_efm32_debug.a(system_efm32gg.o)
                0x000000000001b894                SystemLFRCOClockGet
 .text.SystemULFRCOClockGet
                0x000000000001b8a4       0x10 ./../Libraries/EMlib/debug/libEMLib_efm32_debug.a(system_efm32gg.o)
                0x000000000001b8a4                SystemULFRCOClockGet
 .text.SystemLFXOClockGet
                0x000000000001b8b4       0x18 ./../Libraries/EMlib/debug/libEMLib_efm32_debug.a(system_efm32gg.o)
                0x000000000001b8b4                SystemLFXOClockGet
 .text.TIMER_Init
                0x000000000001b8cc      0x134 ./../Libraries/EMlib/debug/libEMLib_efm32_debug.a(em_timer.o)
                0x000000000001b8cc                TIMER_Init
 .text.TIMER_InitCC
                0x000000000001ba00       0xec ./../Libraries/EMlib/debug/libEMLib_efm32_debug.a(em_timer.o)
                0x000000000001ba00                TIMER_InitCC
 .text.USBDHAL_ActivateEp
                0x000000000001baec      0x148 ./../Libraries/EMlib/debug/libEMLib_efm32_debug.a(em_usbdch9.o)
 .text.USBDHAL_DeactivateEp
                0x000000000001bc34       0x88 ./../Libraries/EMlib/debug/libEMLib_efm32_debug.a(em_usbdch9.o)
 .text.USBDHAL_GetStallStatusEp
                0x000000000001bcbc       0xc0 ./../Libraries/EMlib/debug/libEMLib_efm32_debug.a(em_usbdch9.o)
 .text.USBDHAL_SetAddr
                0x000000000001bd7c       0x3c ./../Libraries/EMlib/debug/libEMLib_efm32_debug.a(em_usbdch9.o)
 .text.USBDHAL_StallEp
                0x000000000001bdb8       0xcc ./../Libraries/EMlib/debug/libEMLib_efm32_debug.a(em_usbdch9.o)
 .text.USBDHAL_UnStallEp
                0x000000000001be84       0xe4 ./../Libraries/EMlib/debug/libEMLib_efm32_debug.a(em_usbdch9.o)
 .text.USBD_ActivateAllEps
                0x000000000001bf68       0x54 ./../Libraries/EMlib/debug/libEMLib_efm32_debug.a(em_usbdch9.o)
 .text.USBD_DeactivateAllEps
                0x000000000001bfbc       0x68 ./../Libraries/EMlib/debug/libEMLib_efm32_debug.a(em_usbdch9.o)
 .text.USBD_GetEpFromAddr
                0x000000000001c024       0xa0 ./../Libraries/EMlib/debug/libEMLib_efm32_debug.a(em_usbdch9.o)
 .text.USBDCH9_SetupCmd
                0x000000000001c0c4       0xec ./../Libraries/EMlib/debug/libEMLib_efm32_debug.a(em_usbdch9.o)
                0x000000000001c0c4                USBDCH9_SetupCmd
 .text.ClearFeature
                0x000000000001c1b0       0xcc ./../Libraries/EMlib/debug/libEMLib_efm32_debug.a(em_usbdch9.o)
 .text.GetConfiguration
                0x000000000001c27c       0xb8 ./../Libraries/EMlib/debug/libEMLib_efm32_debug.a(em_usbdch9.o)
 .text.GetDescriptor
                0x000000000001c334      0x10c ./../Libraries/EMlib/debug/libEMLib_efm32_debug.a(em_usbdch9.o)
 .text.GetInterface
                0x000000000001c440       0x94 ./../Libraries/EMlib/debug/libEMLib_efm32_debug.a(em_usbdch9.o)
 .text.GetStatus
                0x000000000001c4d4      0x1b4 ./../Libraries/EMlib/debug/libEMLib_efm32_debug.a(em_usbdch9.o)
 .text.SetAddress
                0x000000000001c688       0xb4 ./../Libraries/EMlib/debug/libEMLib_efm32_debug.a(em_usbdch9.o)
 .text.SetConfiguration
                0x000000000001c73c      0x10c ./../Libraries/EMlib/debug/libEMLib_efm32_debug.a(em_usbdch9.o)
 .text.SetFeature
                0x000000000001c848      0x100 ./../Libraries/EMlib/debug/libEMLib_efm32_debug.a(em_usbdch9.o)
 .text.SetInterface
                0x000000000001c948       0x68 ./../Libraries/EMlib/debug/libEMLib_efm32_debug.a(em_usbdch9.o)
 .text.Retcode_Initialize
                0x000000000001c9b0       0x60 ./../Platform/Essentials/release/libEssentials_efm32.a(Retcode.o)
                0x000000000001c9b0                Retcode_Initialize
 .text.Retcode_RaiseError
                0x000000000001ca10       0x24 ./../Platform/Essentials/release/libEssentials_efm32.a(Retcode.o)
                0x000000000001ca10                Retcode_RaiseError
 .text.Retcode_RaiseErrorFromIsr
                0x000000000001ca34       0x24 ./../Platform/Essentials/release/libEssentials_efm32.a(Retcode.o)
                0x000000000001ca34                Retcode_RaiseErrorFromIsr
 .text.Retcode_raiseError
                0x000000000001ca58       0x18 ./../Platform/Essentials/release/libEssentials_efm32.a(Retcode.o)
                0x000000000001ca58                Retcode_raiseError
 .text.Retcode_raiseErrorFromIsr
                0x000000000001ca70       0x18 ./../Platform/Essentials/release/libEssentials_efm32.a(Retcode.o)
                0x000000000001ca70                Retcode_raiseErrorFromIsr
 .text.RTC_IntClear
                0x000000000001ca88       0x20 ./../Platform/Essentials/release/libEssentials_efm32.a(Timer.o)
 .text.RTC_IntDisable
                0x000000000001caa8       0x30 ./../Platform/Essentials/release/libEssentials_efm32.a(Timer.o)
 .text.RTC_IntGet
                0x000000000001cad8       0x18 ./../Platform/Essentials/release/libEssentials_efm32.a(Timer.o)
 .text.TIMER_IntClear
                0x000000000001caf0       0x1c ./../Platform/Essentials/release/libEssentials_efm32.a(Timer.o)
 .text.TIMER_IntDisable
                0x000000000001cb0c       0x24 ./../Platform/Essentials/release/libEssentials_efm32.a(Timer.o)
 .text.TIMER_IntGet
                0x000000000001cb30       0x18 ./../Platform/Essentials/release/libEssentials_efm32.a(Timer.o)
 .text.LETIMER_IntClear
                0x000000000001cb48       0x1c ./../Platform/Essentials/release/libEssentials_efm32.a(Timer.o)
 .text.LETIMER_IntDisable
                0x000000000001cb64       0x24 ./../Platform/Essentials/release/libEssentials_efm32.a(Timer.o)
 .text.LETIMER_IntGet
                0x000000000001cb88       0x18 ./../Platform/Essentials/release/libEssentials_efm32.a(Timer.o)
 .text.MCU_Timer_Initialize
                0x000000000001cba0       0xe4 ./../Platform/Essentials/release/libEssentials_efm32.a(Timer.o)
                0x000000000001cba0                MCU_Timer_Initialize
 .text.MCU_Timer_Callback
                0x000000000001cc84       0x5c ./../Platform/Essentials/release/libEssentials_efm32.a(Timer.o)
                0x000000000001cc84                MCU_Timer_Callback
 .text.ValidateTimerHandle
                0x000000000001cce0       0x40 ./../Platform/Essentials/release/libEssentials_efm32.a(Timer.o)
 .text.getTimerEvent
                0x000000000001cd20       0xc8 ./../Platform/Essentials/release/libEssentials_efm32.a(Timer.o)
 .text.extractFlags_RTC
                0x000000000001cde8       0x9c ./../Platform/Essentials/release/libEssentials_efm32.a(Timer.o)
 .text.extractFlags_LETIMER
                0x000000000001ce84       0x9c ./../Platform/Essentials/release/libEssentials_efm32.a(Timer.o)
 .text.extractFlags_TIMER
                0x000000000001cf20       0xd0 ./../Platform/Essentials/release/libEssentials_efm32.a(Timer.o)
 .text.MCU_Timer_GetRtcHandle
                0x000000000001cff0       0x14 ./../Platform/Essentials/release/libEssentials_efm32.a(Timer.o)
                0x000000000001cff0                MCU_Timer_GetRtcHandle
 .text.MCU_Timer_HandleRtcIrq
                0x000000000001d004       0x14 ./../Platform/Essentials/release/libEssentials_efm32.a(Timer.o)
                0x000000000001d004                MCU_Timer_HandleRtcIrq
 .text.CmdProcessor_initialize
                0x000000000001d018       0xe0 ./../Platform/Utils/release/libUtils_efm32.a(CmdProcessor.o)
                0x000000000001d018                CmdProcessor_initialize
 .text.CmdProcessor_enqueue
                0x000000000001d0f8       0x74 ./../Platform/Utils/release/libUtils_efm32.a(CmdProcessor.o)
                0x000000000001d0f8                CmdProcessor_enqueue
 .text.run      0x000000000001d16c       0x14 ./../Platform/Utils/release/libUtils_efm32.a(CmdProcessor.o)
 .text.dequeue  0x000000000001d180       0x80 ./../Platform/Utils/release/libUtils_efm32.a(CmdProcessor.o)
 .text.NVM_Initialize
                0x000000000001d200       0x4c ./../Platform/Drivers/release/libDrivers_efm32.a(BCDS_NVM.o)
                0x000000000001d200                NVM_Initialize
 .text.objectConsistencyCheck
                0x000000000001d24c       0x58 ./../Platform/Drivers/release/libDrivers_efm32.a(BCDS_NVM.o)
 .text.NVM_Read
                0x000000000001d2a4       0x7c ./../Platform/Drivers/release/libDrivers_efm32.a(BCDS_NVM.o)
                0x000000000001d2a4                NVM_Read
 .text.itemConsistencyCheck
                0x000000000001d320       0x50 ./../Platform/Drivers/release/libDrivers_efm32.a(BCDS_NVM.o)
 .text.NVM_Write
                0x000000000001d370       0x94 ./../Platform/Drivers/release/libDrivers_efm32.a(BCDS_NVM.o)
                0x000000000001d370                NVM_Write
 .text.NVM_Flush
                0x000000000001d404       0x9c ./../Platform/Drivers/release/libDrivers_efm32.a(BCDS_NVM.o)
                0x000000000001d404                NVM_Flush
 .text.sectionUpdateRequired
                0x000000000001d4a0       0x8c ./../Platform/Drivers/release/libDrivers_efm32.a(BCDS_NVM.o)
 .text.NVM_ReadUInt8
                0x000000000001d52c       0x40 ./../Platform/Drivers/release/libDrivers_efm32.a(BCDS_NVM.o)
                0x000000000001d52c                NVM_ReadUInt8
 .text.NVM_WriteUInt8
                0x000000000001d56c       0x40 ./../Platform/Drivers/release/libDrivers_efm32.a(BCDS_NVM.o)
                0x000000000001d56c                NVM_WriteUInt8
 .text.isLittleEndianPlatform
                0x000000000001d5ac       0x30 ./../Platform/Drivers/release/libDrivers_efm32.a(BCDS_NVM.o)
 .text.NVM_IsEndiannessDifferent
                0x000000000001d5dc       0x54 ./../Platform/Drivers/release/libDrivers_efm32.a(BCDS_NVM.o)
 .text.NVM_SwapBytes
                0x000000000001d630       0xc4 ./../Platform/Drivers/release/libDrivers_efm32.a(BCDS_NVM.o)
 .text.NetworkConfig_SlNetAppEvtHdlr
                0x000000000001d6f4       0xa0 ./../Platform/Wlan/release/libWlan_efm32.a(NetworkConfig.o)
                0x000000000001d6f4                NetworkConfig_SlNetAppEvtHdlr
 .text.NetworkConfig_GetIpStatus
                0x000000000001d794       0x18 ./../Platform/Wlan/release/libWlan_efm32.a(NetworkConfig.o)
                0x000000000001d794                NetworkConfig_GetIpStatus
 .text.NetworkConfig_SetIpStatus
                0x000000000001d7ac       0x20 ./../Platform/Wlan/release/libWlan_efm32.a(NetworkConfig.o)
                0x000000000001d7ac                NetworkConfig_SetIpStatus
 .text.NetworkConfig_GetIpSettings
                0x000000000001d7cc       0xa4 ./../Platform/Wlan/release/libWlan_efm32.a(NetworkConfig.o)
                0x000000000001d7cc                NetworkConfig_GetIpSettings
 .text.NetworkConfig_SetIpDhcp
                0x000000000001d870       0xac ./../Platform/Wlan/release/libWlan_efm32.a(NetworkConfig.o)
                0x000000000001d870                NetworkConfig_SetIpDhcp
 .text.connectNonBlockingCall
                0x000000000001d91c      0x184 ./../Platform/Wlan/release/libWlan_efm32.a(WlanConnect.o)
 .text.connectBlockingCall
                0x000000000001daa0       0xb8 ./../Platform/Wlan/release/libWlan_efm32.a(WlanConnect.o)
 .text.WlanConnect_SlGeneralEventHdlr
                0x000000000001db58       0xa8 ./../Platform/Wlan/release/libWlan_efm32.a(WlanConnect.o)
                0x000000000001db58                WlanConnect_SlGeneralEventHdlr
 .text.WlanConnect_SLWlanEventHdlr
                0x000000000001dc00       0x5c ./../Platform/Wlan/release/libWlan_efm32.a(WlanConnect.o)
                0x000000000001dc00                WlanConnect_SLWlanEventHdlr
 .text.WlanConnect_GetInitStatus
                0x000000000001dc5c       0x18 ./../Platform/Wlan/release/libWlan_efm32.a(WlanConnect.o)
                0x000000000001dc5c                WlanConnect_GetInitStatus
 .text.WlanConnect_Init
                0x000000000001dc74       0xd0 ./../Platform/Wlan/release/libWlan_efm32.a(WlanConnect.o)
                0x000000000001dc74                WlanConnect_Init
 .text.NonBlockingTimer
                0x000000000001dd44       0xa0 ./../Platform/Wlan/release/libWlan_efm32.a(WlanConnect.o)
 .text.WlanConnect_WPA
                0x000000000001dde4       0xc4 ./../Platform/Wlan/release/libWlan_efm32.a(WlanConnect.o)
                0x000000000001dde4                WlanConnect_WPA
 .text.OsTime2Tick
                0x000000000001dea8       0x44 ./../Platform/Wlan/release/libWlan_efm32.a(WlanDriver.o)
 .text.spiEventsCallbackFunc
                0x000000000001deec       0xd8 ./../Platform/Wlan/release/libWlan_efm32.a(WlanDriver.o)
 .text.CreateSpawnQAndTask
                0x000000000001dfc4       0x98 ./../Platform/Wlan/release/libWlan_efm32.a(WlanDriver.o)
 .text.WifiInterruptCallback
                0x000000000001e05c       0x24 ./../Platform/Wlan/release/libWlan_efm32.a(WlanDriver.o)
 .text.WlanDriver_Init
                0x000000000001e080       0xa8 ./../Platform/Wlan/release/libWlan_efm32.a(WlanDriver.o)
                0x000000000001e080                WlanDriver_Init
 .text.WlanDriver_RegInterruptHdlr
                0x000000000001e128       0x34 ./../Platform/Wlan/release/libWlan_efm32.a(WlanDriver.o)
                0x000000000001e128                WlanDriver_RegInterruptHdlr
 .text.WlanDriver_SlHttpServerCb
                0x000000000001e15c       0x14 ./../Platform/Wlan/release/libWlan_efm32.a(WlanDriver.o)
                0x000000000001e15c                WlanDriver_SlHttpServerCb
 .text.WlanDriver_DeviceDisable
                0x000000000001e170       0x10 ./../Platform/Wlan/release/libWlan_efm32.a(WlanDriver.o)
                0x000000000001e170                WlanDriver_DeviceDisable
 .text.WlanDriver_DeviceEnable
                0x000000000001e180       0x18 ./../Platform/Wlan/release/libWlan_efm32.a(WlanDriver.o)
                0x000000000001e180                WlanDriver_DeviceEnable
 .text.WlanDriver_SpiClose
                0x000000000001e198       0x38 ./../Platform/Wlan/release/libWlan_efm32.a(WlanDriver.o)
                0x000000000001e198                WlanDriver_SpiClose
 .text.WlanDriver_SpiOpen
                0x000000000001e1d0       0x54 ./../Platform/Wlan/release/libWlan_efm32.a(WlanDriver.o)
                0x000000000001e1d0                WlanDriver_SpiOpen
 .text.WlanDriver_SpiWrite
                0x000000000001e224       0x9c ./../Platform/Wlan/release/libWlan_efm32.a(WlanDriver.o)
                0x000000000001e224                WlanDriver_SpiWrite
 .text.WlanDriver_SpiRead
                0x000000000001e2c0       0x9c ./../Platform/Wlan/release/libWlan_efm32.a(WlanDriver.o)
                0x000000000001e2c0                WlanDriver_SpiRead
 .text.WlanDriver_OsSyncObjectCreate
                0x000000000001e35c       0x3c ./../Platform/Wlan/release/libWlan_efm32.a(WlanDriver.o)
                0x000000000001e35c                WlanDriver_OsSyncObjectCreate
 .text.WlanDriver_OsSyncObjectDelete
                0x000000000001e398       0x30 ./../Platform/Wlan/release/libWlan_efm32.a(WlanDriver.o)
                0x000000000001e398                WlanDriver_OsSyncObjectDelete
 .text.WlanDriver_OsSyncObjectSignal
                0x000000000001e3c8       0x3c ./../Platform/Wlan/release/libWlan_efm32.a(WlanDriver.o)
                0x000000000001e3c8                WlanDriver_OsSyncObjectSignal
 .text.WlanDriver_OsSyncSignalFromISR
                0x000000000001e404       0x54 ./../Platform/Wlan/release/libWlan_efm32.a(WlanDriver.o)
                0x000000000001e404                WlanDriver_OsSyncSignalFromISR
 .text.WlanDriver_OsSyncObjectWait
                0x000000000001e458       0x4c ./../Platform/Wlan/release/libWlan_efm32.a(WlanDriver.o)
                0x000000000001e458                WlanDriver_OsSyncObjectWait
 .text.WlanDriver_OsLockObjectCreate
                0x000000000001e4a4       0x34 ./../Platform/Wlan/release/libWlan_efm32.a(WlanDriver.o)
                0x000000000001e4a4                WlanDriver_OsLockObjectCreate
 .text.WlanDriver_OsLockObjectDelete
                0x000000000001e4d8       0x2c ./../Platform/Wlan/release/libWlan_efm32.a(WlanDriver.o)
                0x000000000001e4d8                WlanDriver_OsLockObjectDelete
 .text.WlanDriver_OsLockObjectWait
                0x000000000001e504       0x4c ./../Platform/Wlan/release/libWlan_efm32.a(WlanDriver.o)
                0x000000000001e504                WlanDriver_OsLockObjectWait
 .text.WlanDriver_OsLockUnlock
                0x000000000001e550       0x44 ./../Platform/Wlan/release/libWlan_efm32.a(WlanDriver.o)
                0x000000000001e550                WlanDriver_OsLockUnlock
 .text.WlanDriver_SimpleLinkSpawnTask
                0x000000000001e594       0x60 ./../Platform/Wlan/release/libWlan_efm32.a(WlanDriver.o)
                0x000000000001e594                WlanDriver_SimpleLinkSpawnTask
 .text.WlanDriver_OsiSpawn
                0x000000000001e5f4       0xa4 ./../Platform/Wlan/release/libWlan_efm32.a(WlanDriver.o)
                0x000000000001e5f4                WlanDriver_OsiSpawn
 .text.BlePeripheral_SetMacAddress
                0x000000000001e698       0x40 ./../Platform/BLE/release/libBLE_efm32.a(BlePeripheral.o)
                0x000000000001e698                BlePeripheral_SetMacAddress
 .text.PAL_exceptionHandlingCallback
                0x000000000001e6d8       0x2c ./../Platform/ServalPAL_WiFi/release/libServalPalWifi_efm32.a(PAL_initialize_cc.o)
 .text.PAL_securityInitialize
                0x000000000001e704       0x20 ./../Platform/ServalPAL_WiFi/release/libServalPalWifi_efm32.a(PAL_initialize_cc.o)
 .text.PAL_initialize
                0x000000000001e724       0xe4 ./../Platform/ServalPAL_WiFi/release/libServalPalWifi_efm32.a(PAL_initialize_cc.o)
                0x000000000001e724                PAL_initialize
 .text.Ip_convertAddrToString
                0x000000000001e808       0x4c ./../Platform/ServalPAL_WiFi/release/libServalPalWifi_efm32.a(PAL_ip_cc.o)
                0x000000000001e808                Ip_convertAddrToString
 .text.Ip_convertOctetsToAddr
                0x000000000001e854       0x50 ./../Platform/ServalPAL_WiFi/release/libServalPalWifi_efm32.a(PAL_ip_cc.o)
                0x000000000001e854                Ip_convertOctetsToAddr
 .text.Ip_convertIntToPort
                0x000000000001e8a4       0x20 ./../Platform/ServalPAL_WiFi/release/libServalPalWifi_efm32.a(PAL_ip_cc.o)
                0x000000000001e8a4                Ip_convertIntToPort
 .text.Ip_getMyIpAddr
                0x000000000001e8c4       0x2c ./../Platform/ServalPAL_WiFi/release/libServalPalWifi_efm32.a(PAL_ip_cc.o)
                0x000000000001e8c4                Ip_getMyIpAddr
 .text.Ip_convertPortToInt
                0x000000000001e8f0       0x20 ./../Platform/ServalPAL_WiFi/release/libServalPalWifi_efm32.a(PAL_ip_cc.o)
                0x000000000001e8f0                Ip_convertPortToInt
 .text.Ip_copyAddr
                0x000000000001e910       0x1c ./../Platform/ServalPAL_WiFi/release/libServalPalWifi_efm32.a(PAL_ip_cc.o)
                0x000000000001e910                Ip_copyAddr
 .text.Ip_getUnspecifiedAddr
                0x000000000001e92c       0x14 ./../Platform/ServalPAL_WiFi/release/libServalPalWifi_efm32.a(PAL_ip_cc.o)
                0x000000000001e92c                Ip_getUnspecifiedAddr
 .text.Ip_compareAddr
                0x000000000001e940       0x28 ./../Platform/ServalPAL_WiFi/release/libServalPalWifi_efm32.a(PAL_ip_cc.o)
                0x000000000001e940                Ip_compareAddr
 .text.Basics_ntohs
                0x000000000001e968       0x20 ./../Platform/ServalPAL_WiFi/release/libServalPalWifi_efm32.a(PAL_ip_cc.o)
                0x000000000001e968                Basics_ntohs
 .text.Basics_htons
                0x000000000001e988       0x20 ./../Platform/ServalPAL_WiFi/release/libServalPalWifi_efm32.a(PAL_ip_cc.o)
                0x000000000001e988                Basics_htons
 .text.Basics_htonl
                0x000000000001e9a8       0x1c ./../Platform/ServalPAL_WiFi/release/libServalPalWifi_efm32.a(PAL_ip_cc.o)
                0x000000000001e9a8                Basics_htonl
 .text.LogXDK   0x000000000001e9c4       0x78 ./../Platform/ServalPAL_WiFi/release/libServalPalWifi_efm32.a(PAL_logAppender_cc.o)
                0x000000000001e9c4                LogXDK
 .text.appender_write
                0x000000000001ea3c       0x24 ./../Platform/ServalPAL_WiFi/release/libServalPalWifi_efm32.a(PAL_logAppender_cc.o)
 .text.appender_writeLen
                0x000000000001ea60       0x1c ./../Platform/ServalPAL_WiFi/release/libServalPalWifi_efm32.a(PAL_logAppender_cc.o)
 .text.xdkLogAppenders_loadUSBAppender
                0x000000000001ea7c       0x38 ./../Platform/ServalPAL_WiFi/release/libServalPalWifi_efm32.a(PAL_logAppender_cc.o)
                0x000000000001ea7c                xdkLogAppenders_loadUSBAppender
 .text.Callable_isAssigned
                0x000000000001eab4       0x34 ./../Platform/ServalPAL_WiFi/release/libServalPalWifi_efm32.a(PAL_scheduler_cc.o)
 .text.PAL_schedulerInitialize
                0x000000000001eae8       0x90 ./../Platform/ServalPAL_WiFi/release/libServalPalWifi_efm32.a(PAL_scheduler_cc.o)
                0x000000000001eae8                PAL_schedulerInitialize
 .text.Scheduler_enqueue
                0x000000000001eb78       0x58 ./../Platform/ServalPAL_WiFi/release/libServalPalWifi_efm32.a(PAL_scheduler_cc.o)
                0x000000000001eb78                Scheduler_enqueue
 .text.PAL_schedulerDequeue
                0x000000000001ebd0       0x90 ./../Platform/ServalPAL_WiFi/release/libServalPalWifi_efm32.a(PAL_scheduler_cc.o)
                0x000000000001ebd0                PAL_schedulerDequeue
 .text.PAL_schedulerDenqueueTask
                0x000000000001ec60       0x64 ./../Platform/ServalPAL_WiFi/release/libServalPalWifi_efm32.a(PAL_scheduler_cc.o)
 .text.Callable_assign
                0x000000000001ecc4       0x20 ./../Platform/ServalPAL_WiFi/release/libServalPalWifi_efm32.a(PAL_socketMonitor_cc.o)
 .text.Callable_isAssigned
                0x000000000001ece4       0x34 ./../Platform/ServalPAL_WiFi/release/libServalPalWifi_efm32.a(PAL_socketMonitor_cc.o)
 .text.CheckedCallableCall
                0x000000000001ed18       0x2c ./../Platform/ServalPAL_WiFi/release/libServalPalWifi_efm32.a(PAL_socketMonitor_cc.o)
 .text.PAL_prepareSelect
                0x000000000001ed44      0x184 ./../Platform/ServalPAL_WiFi/release/libServalPalWifi_efm32.a(PAL_socketMonitor_cc.o)
                0x000000000001ed44                PAL_prepareSelect
 .text.PAL_Tcp_HalfClosed2Closed
                0x000000000001eec8       0x5c ./../Platform/ServalPAL_WiFi/release/libServalPalWifi_efm32.a(PAL_socketMonitor_cc.o)
                0x000000000001eec8                PAL_Tcp_HalfClosed2Closed
 .text.PAL_socketMonitoring
                0x000000000001ef24      0x540 ./../Platform/ServalPAL_WiFi/release/libServalPalWifi_efm32.a(PAL_socketMonitor_cc.o)
 .text.PAL_getSocketIndex
                0x000000000001f464       0x64 ./../Platform/ServalPAL_WiFi/release/libServalPalWifi_efm32.a(PAL_socketMonitor_cc.o)
 .text.PAL_Udp_isValidSocket
                0x000000000001f4c8       0x24 ./../Platform/ServalPAL_WiFi/release/libServalPalWifi_efm32.a(PAL_socketMonitor_cc.o)
                0x000000000001f4c8                PAL_Udp_isValidSocket
 .text.PAL_Tcp_isValidSocket
                0x000000000001f4ec       0x24 ./../Platform/ServalPAL_WiFi/release/libServalPalWifi_efm32.a(PAL_socketMonitor_cc.o)
                0x000000000001f4ec                PAL_Tcp_isValidSocket
 .text.PAL_Tcp_isSocketInPool
                0x000000000001f510       0xa8 ./../Platform/ServalPAL_WiFi/release/libServalPalWifi_efm32.a(PAL_socketMonitor_cc.o)
                0x000000000001f510                PAL_Tcp_isSocketInPool
 .text.PAL_getInvalidUDPSocket
                0x000000000001f5b8       0x10 ./../Platform/ServalPAL_WiFi/release/libServalPalWifi_efm32.a(PAL_socketMonitor_cc.o)
                0x000000000001f5b8                PAL_getInvalidUDPSocket
 .text.PAL_getInvalidTCPSocket
                0x000000000001f5c8       0x10 ./../Platform/ServalPAL_WiFi/release/libServalPalWifi_efm32.a(PAL_socketMonitor_cc.o)
                0x000000000001f5c8                PAL_getInvalidTCPSocket
 .text.PAL_socketMonitorInit